Component: ARM Compiler 5.06 update 5 (build 528) Tool: armlink [4d35e2]

==============================================================================

Section Cross References

    startup_stm32f103xb.o(RESET) refers to startup_stm32f103xb.o(STACK) for __initial_sp
    startup_stm32f103xb.o(RESET) refers to startup_stm32f103xb.o(.text) for Reset_Handler
    startup_stm32f103xb.o(RESET) refers to stm32f1xx_it.o(i.NMI_Handler) for NMI_Handler
    startup_stm32f103xb.o(RESET) refers to stm32f1xx_it.o(i.HardFault_Handler) for HardFault_Handler
    startup_stm32f103xb.o(RESET) refers to stm32f1xx_it.o(i.MemManage_Handler) for MemManage_Handler
    startup_stm32f103xb.o(RESET) refers to stm32f1xx_it.o(i.BusFault_Handler) for BusFault_Handler
    startup_stm32f103xb.o(RESET) refers to stm32f1xx_it.o(i.UsageFault_Handler) for UsageFault_Handler
    startup_stm32f103xb.o(RESET) refers to stm32f1xx_it.o(i.SVC_Handler) for SVC_Handler
    startup_stm32f103xb.o(RESET) refers to stm32f1xx_it.o(i.DebugMon_Handler) for DebugMon_Handler
    startup_stm32f103xb.o(RESET) refers to stm32f1xx_it.o(i.PendSV_Handler) for PendSV_Handler
    startup_stm32f103xb.o(RESET) refers to stm32f1xx_it.o(i.SysTick_Handler) for SysTick_Handler
    startup_stm32f103xb.o(RESET) refers to stm32f1xx_it.o(i.USB_LP_CAN1_RX0_IRQHandler) for USB_LP_CAN1_RX0_IRQHandler
    startup_stm32f103xb.o(.text) refers to system_stm32f1xx.o(i.SystemInit) for SystemInit
    startup_stm32f103xb.o(.text) refers to entry.o(.ARM.Collect$$$$00000000) for __main
    main.o(i.SystemClock_Config) refers to memseta.o(.text) for __aeabi_memclr4
    main.o(i.SystemClock_Config) refers to stm32f1xx_hal_rcc.o(i.HAL_RCC_OscConfig) for HAL_RCC_OscConfig
    main.o(i.SystemClock_Config) refers to stm32f1xx_hal_rcc.o(i.HAL_RCC_ClockConfig) for HAL_RCC_ClockConfig
    main.o(i.SystemClock_Config) refers to stm32f1xx_hal_rcc_ex.o(i.HAL_RCCEx_PeriphCLKConfig) for HAL_RCCEx_PeriphCLKConfig
    main.o(i.main) refers to stm32f1xx_hal.o(i.HAL_Init) for HAL_Init
    main.o(i.main) refers to main.o(i.SystemClock_Config) for SystemClock_Config
    main.o(i.main) refers to gpio.o(i.MX_GPIO_Init) for MX_GPIO_Init
    main.o(i.main) refers to usb_device.o(i.MX_USB_DEVICE_Init) for MX_USB_DEVICE_Init
    main.o(i.main) refers to usart.o(i.MX_USART1_UART_Init) for MX_USART1_UART_Init
    main.o(i.main) refers to gpio.o(i.KeyBoard_Scan) for KeyBoard_Scan
    gpio.o(i.KeyBoard_Scan) refers to stm32f1xx_hal.o(i.HAL_Delay) for HAL_Delay
    gpio.o(i.KeyBoard_Scan) refers to gpio.o(i.Key_GetValue) for Key_GetValue
    gpio.o(i.KeyBoard_Scan) refers to gpio.o(i.Key_Release) for Key_Release
    gpio.o(i.KeyBoard_Scan) refers to usbd_hid.o(i.USBD_HID_SendReport) for USBD_HID_SendReport
    gpio.o(i.KeyBoard_Scan) refers to gpio.o(i.Key_RelseaseAll) for Key_RelseaseAll
    gpio.o(i.KeyBoard_Scan) refers to gpio.o(.data) for .data
    gpio.o(i.KeyBoard_Scan) refers to usb_device.o(.bss) for hUsbDeviceFS
    gpio.o(i.Key_GetValue) refers to gpio.o(.data) for .data
    gpio.o(i.Key_Release) refers to gpio.o(.data) for .data
    gpio.o(i.Key_RelseaseAll) refers to gpio.o(.data) for .data
    gpio.o(i.MX_GPIO_Init) refers to stm32f1xx_hal_gpio.o(i.HAL_GPIO_WritePin) for HAL_GPIO_WritePin
    gpio.o(i.MX_GPIO_Init) refers to stm32f1xx_hal_gpio.o(i.HAL_GPIO_Init) for HAL_GPIO_Init
    usart.o(i.HAL_UART_MspDeInit) refers to stm32f1xx_hal_gpio.o(i.HAL_GPIO_DeInit) for HAL_GPIO_DeInit
    usart.o(i.HAL_UART_MspInit) refers to stm32f1xx_hal_gpio.o(i.HAL_GPIO_Init) for HAL_GPIO_Init
    usart.o(i.MX_USART1_UART_Init) refers to stm32f1xx_hal_uart.o(i.HAL_UART_Init) for HAL_UART_Init
    usart.o(i.MX_USART1_UART_Init) refers to main.o(i.Error_Handler) for Error_Handler
    usart.o(i.MX_USART1_UART_Init) refers to usart.o(.bss) for .bss
    usart.o(i.fputc) refers to stm32f1xx_hal_uart.o(i.HAL_UART_Transmit) for HAL_UART_Transmit
    usart.o(i.fputc) refers to usart.o(.bss) for .bss
    usb_device.o(i.MX_USB_DEVICE_Init) refers to usbd_core.o(i.USBD_Init) for USBD_Init
    usb_device.o(i.MX_USB_DEVICE_Init) refers to main.o(i.Error_Handler) for Error_Handler
    usb_device.o(i.MX_USB_DEVICE_Init) refers to usbd_core.o(i.USBD_RegisterClass) for USBD_RegisterClass
    usb_device.o(i.MX_USB_DEVICE_Init) refers to usbd_core.o(i.USBD_Start) for USBD_Start
    usb_device.o(i.MX_USB_DEVICE_Init) refers to usbd_desc.o(.data) for FS_Desc
    usb_device.o(i.MX_USB_DEVICE_Init) refers to usb_device.o(.bss) for .bss
    usb_device.o(i.MX_USB_DEVICE_Init) refers to usbd_hid.o(.data) for USBD_HID
    usbd_conf.o(i.HAL_PCD_ConnectCallback) refers to usbd_core.o(i.USBD_LL_DevConnected) for USBD_LL_DevConnected
    usbd_conf.o(i.HAL_PCD_DataInStageCallback) refers to usbd_core.o(i.USBD_LL_DataInStage) for USBD_LL_DataInStage
    usbd_conf.o(i.HAL_PCD_DataOutStageCallback) refers to usbd_core.o(i.USBD_LL_DataOutStage) for USBD_LL_DataOutStage
[...]
    Removing stm32f1xx_hal_uart.o(i.HAL_MultiProcessor_Init), (142 bytes).
    Removing stm32f1xx_hal_uart.o(i.HAL_UARTEx_ReceiveToIdle), (254 bytes).
    Removing stm32f1xx_hal_uart.o(i.HAL_UARTEx_ReceiveToIdle_DMA), (74 bytes).
    Removing stm32f1xx_hal_uart.o(i.HAL_UARTEx_ReceiveToIdle_IT), (74 bytes).
    Removing stm32f1xx_hal_uart.o(i.HAL_UARTEx_RxEventCallback), (2 bytes).
    Removing stm32f1xx_hal_uart.o(i.HAL_UART_Abort), (156 bytes).
    Removing stm32f1xx_hal_uart.o(i.HAL_UART_AbortCpltCallback), (2 bytes).
    Removing stm32f1xx_hal_uart.o(i.HAL_UART_AbortReceive), (106 bytes).
    Removing stm32f1xx_hal_uart.o(i.HAL_UART_AbortReceiveCpltCallback), (2 bytes).
    Removing stm32f1xx_hal_uart.o(i.HAL_UART_AbortReceive_IT), (112 bytes).
    Removing stm32f1xx_hal_uart.o(i.HAL_UART_AbortTransmit), (78 bytes).
    Removing stm32f1xx_hal_uart.o(i.HAL_UART_AbortTransmitCpltCallback), (2 bytes).
    Removing stm32f1xx_hal_uart.o(i.HAL_UART_AbortTransmit_IT), (84 bytes).
    Removing stm32f1xx_hal_uart.o(i.HAL_UART_Abort_IT), (188 bytes).
    Removing stm32f1xx_hal_uart.o(i.HAL_UART_DMAPause), (102 bytes).
    Removing stm32f1xx_hal_uart.o(i.HAL_UART_DMAResume), (94 bytes).
    Removing stm32f1xx_hal_uart.o(i.HAL_UART_DMAStop), (88 bytes).
    Removing stm32f1xx_hal_uart.o(i.HAL_UART_DeInit), (52 bytes).
    Removing stm32f1xx_hal_uart.o(i.HAL_UART_ErrorCallback), (2 bytes).
    Removing stm32f1xx_hal_uart.o(i.HAL_UART_GetError), (4 bytes).
    Removing stm32f1xx_hal_uart.o(i.HAL_UART_GetState), (10 bytes).
    Removing stm32f1xx_hal_uart.o(i.HAL_UART_IRQHandler), (524 bytes).
    Removing stm32f1xx_hal_uart.o(i.HAL_UART_MspDeInit), (2 bytes).
    Removing stm32f1xx_hal_uart.o(i.HAL_UART_MspInit), (2 bytes).
    Removing stm32f1xx_hal_uart.o(i.HAL_UART_Receive), (192 bytes).
    Removing stm32f1xx_hal_uart.o(i.HAL_UART_Receive_DMA), (42 bytes).
    Removing stm32f1xx_hal_uart.o(i.HAL_UART_Receive_IT), (42 bytes).
    Removing stm32f1xx_hal_uart.o(i.HAL_UART_RxCpltCallback), (2 bytes).
    Removing stm32f1xx_hal_uart.o(i.HAL_UART_RxHalfCpltCallback), (2 bytes).
    Removing stm32f1xx_hal_uart.o(i.HAL_UART_Transmit), (178 bytes).
    Removing stm32f1xx_hal_uart.o(i.HAL_UART_Transmit_DMA), (128 bytes).
    Removing stm32f1xx_hal_uart.o(i.HAL_UART_Transmit_IT), (62 bytes).
    Removing stm32f1xx_hal_uart.o(i.HAL_UART_TxCpltCallback), (2 bytes).
    Removing stm32f1xx_hal_uart.o(i.HAL_UART_TxHalfCpltCallback), (2 bytes).
    Removing stm32f1xx_hal_uart.o(i.UART_DMAAbortOnError), (16 bytes).
    Removing stm32f1xx_hal_uart.o(i.UART_DMAError), (74 bytes).
    Removing stm32f1xx_hal_uart.o(i.UART_DMAReceiveCplt), (90 bytes).
    Removing stm32f1xx_hal_uart.o(i.UART_DMARxAbortCallback), (44 bytes).
    Removing stm32f1xx_hal_uart.o(i.UART_DMARxHalfCplt), (26 bytes).
    Removing stm32f1xx_hal_uart.o(i.UART_DMARxOnlyAbortCallback), (22 bytes).
    Removing stm32f1xx_hal_uart.o(i.UART_DMATransmitCplt), (46 bytes).
    Removing stm32f1xx_hal_uart.o(i.UART_DMATxAbortCallback), (44 bytes).
    Removing stm32f1xx_hal_uart.o(i.UART_DMATxHalfCplt), (10 bytes).
    Removing stm32f1xx_hal_uart.o(i.UART_DMATxOnlyAbortCallback), (20 bytes).
    Removing stm32f1xx_hal_uart.o(i.UART_EndRxTransfer), (48 bytes).
    Removing stm32f1xx_hal_uart.o(i.UART_EndTxTransfer), (18 bytes).
    Removing stm32f1xx_hal_uart.o(i.UART_Receive_IT), (182 bytes).
    Removing stm32f1xx_hal_uart.o(i.UART_Start_Receive_DMA), (112 bytes).
    Removing stm32f1xx_hal_uart.o(i.UART_Start_Receive_IT), (54 bytes).
    Removing stm32f1xx_hal_uart.o(i.UART_WaitOnFlagUntilTimeout), (100 bytes).
    Removing stm32f1xx_hal.o(.rev16_text), (4 bytes).
    Removing stm32f1xx_hal.o(.revsh_text), (4 bytes).
    Removing stm32f1xx_hal.o(.rrx_text), (6 bytes).
    Removing stm32f1xx_hal.o(i.HAL_DBGMCU_DisableDBGSleepMode), (16 bytes).
    Removing stm32f1xx_hal.o(i.HAL_DBGMCU_DisableDBGStandbyMode), (16 bytes).
    Removing stm32f1xx_hal.o(i.HAL_DBGMCU_DisableDBGStopMode), (16 bytes).
    Removing stm32f1xx_hal.o(i.HAL_DBGMCU_EnableDBGSleepMode), (16 bytes).
    Removing stm32f1xx_hal.o(i.HAL_DBGMCU_EnableDBGStandbyMode), (16 bytes).
    Removing stm32f1xx_hal.o(i.HAL_DBGMCU_EnableDBGStopMode), (16 bytes).
    Removing stm32f1xx_hal.o(i.HAL_DeInit), (32 bytes).
    Removing stm32f1xx_hal.o(i.HAL_GetDEVID), (16 bytes).
    Removing stm32f1xx_hal.o(i.HAL_GetHalVersion), (8 bytes).
    Removing stm32f1xx_hal.o(i.HAL_GetREVID), (12 bytes).
    Removing stm32f1xx_hal.o(i.HAL_GetTickFreq), (12 bytes).
    Removing stm32f1xx_hal.o(i.HAL_GetTickPrio), (12 bytes).
    Removing stm32f1xx_hal.o(i.HAL_GetUIDw0), (12 bytes).
    Removing stm32f1xx_hal.o(i.HAL_GetUIDw1), (12 bytes).
    Removing stm32f1xx_hal.o(i.HAL_GetUIDw2), (12 bytes).
    Removing stm32f1xx_hal.o(i.HAL_MspDeInit), (2 bytes).
    Removing stm32f1xx_hal.o(i.HAL_MspInit), (2 bytes).
    Removing stm32f1xx_hal.o(i.HAL_ResumeTick), (14 bytes).
    Removing stm32f1xx_hal.o(i.HAL_SetTickFreq), (36 bytes).
    Removing stm32f1xx_hal.o(i.HAL_SuspendTick), (14 bytes).
    Removing stm32f1xx_hal_rcc.o(.rev16_text), (4 bytes).
    Removing stm32f1xx_hal_rcc.o(.revsh_text), (4 bytes).
    Removing stm32f1xx_hal_rcc.o(.rrx_text), (6 bytes).
    Removing stm32f1xx_hal_rcc.o(i.HAL_RCC_CSSCallback), (2 bytes).
    Removing stm32f1xx_hal_rcc.o(i.HAL_RCC_DeInit), (220 bytes).
    Removing stm32f1xx_hal_rcc.o(i.HAL_RCC_DisableCSS), (12 bytes).
    Removing stm32f1xx_hal_rcc.o(i.HAL_RCC_EnableCSS), (12 bytes).
    Removing stm32f1xx_hal_rcc.o(i.HAL_RCC_GetClockConfig), (64 bytes).
    Removing stm32f1xx_hal_rcc.o(i.HAL_RCC_GetHCLKFreq), (12 bytes).
    Removing stm32f1xx_hal_rcc.o(i.HAL_RCC_GetOscConfig), (144 bytes).
    Removing stm32f1xx_hal_rcc.o(i.HAL_RCC_MCOConfig), (72 bytes).
    Removing stm32f1xx_hal_rcc.o(i.HAL_RCC_NMI_IRQHandler), (24 bytes).
    Removing stm32f1xx_hal_rcc_ex.o(.rev16_text), (4 bytes).
    Removing stm32f1xx_hal_rcc_ex.o(.revsh_text), (4 bytes).
    Removing stm32f1xx_hal_rcc_ex.o(.rrx_text), (6 bytes).
    Removing stm32f1xx_hal_rcc_ex.o(i.HAL_RCCEx_GetPeriphCLKConfig), (44 bytes).
    Removing stm32f1xx_hal_rcc_ex.o(i.HAL_RCCEx_GetPeriphCLKFreq), (200 bytes).
    Removing stm32f1xx_hal_gpio.o(.rev16_text), (4 bytes).
    Removing stm32f1xx_hal_gpio.o(.revsh_text), (4 bytes).
    Removing stm32f1xx_hal_gpio.o(.rrx_text), (6 bytes).
    Removing stm32f1xx_hal_gpio.o(i.HAL_GPIO_DeInit), (252 bytes).
    Removing stm32f1xx_hal_gpio.o(i.HAL_GPIO_EXTI_Callback), (2 bytes).
    Removing stm32f1xx_hal_gpio.o(i.HAL_GPIO_EXTI_IRQHandler), (24 bytes).
    Removing stm32f1xx_hal_gpio.o(i.HAL_GPIO_LockPin), (34 bytes).
    Removing stm32f1xx_hal_gpio.o(i.HAL_GPIO_ReadPin), (10 bytes).
    Removing stm32f1xx_hal_gpio.o(i.HAL_GPIO_TogglePin), (16 bytes).
    Removing stm32f1xx_hal_dma.o(.rev16_text), (4 bytes).
    Removing stm32f1xx_hal_dma.o(.revsh_text), (4 bytes).
    Removing stm32f1xx_hal_dma.o(.rrx_text), (6 bytes).
    Removing stm32f1xx_hal_dma.o(i.DMA_SetConfig), (42 bytes).
    Removing stm32f1xx_hal_dma.o(i.HAL_DMA_Abort), (70 bytes).
    Removing stm32f1xx_hal_dma.o(i.HAL_DMA_Abort_IT), (152 bytes).
    Removing stm32f1xx_hal_dma.o(i.HAL_DMA_DeInit), (92 bytes).
    Removing stm32f1xx_hal_dma.o(i.HAL_DMA_GetError), (4 bytes).
    Removing stm32f1xx_hal_dma.o(i.HAL_DMA_GetState), (6 bytes).
    Removing stm32f1xx_hal_dma.o(i.HAL_DMA_IRQHandler), (340 bytes).
    Removing stm32f1xx_hal_dma.o(i.HAL_DMA_Init), (92 bytes).
    Removing stm32f1xx_hal_dma.o(i.HAL_DMA_PollForTransfer), (532 bytes).
    Removing stm32f1xx_hal_dma.o(i.HAL_DMA_RegisterCallback), (74 bytes).
    Removing stm32f1xx_hal_dma.o(i.HAL_DMA_Start), (80 bytes).
    Removing stm32f1xx_hal_dma.o(i.HAL_DMA_Start_IT), (112 bytes).
    Removing stm32f1xx_hal_dma.o(i.HAL_DMA_UnRegisterCallback), (82 bytes).
    Removing stm32f1xx_hal_cortex.o(.rev16_text), (4 bytes).
    Removing stm32f1xx_hal_cortex.o(.revsh_text), (4 bytes).
    Removing stm32f1xx_hal_cortex.o(.rrx_text), (6 bytes).
    Removing stm32f1xx_hal_cortex.o(i.HAL_NVIC_ClearPendingIRQ), (26 bytes).
    Removing stm32f1xx_hal_cortex.o(i.HAL_NVIC_DisableIRQ), (34 bytes).
    Removing stm32f1xx_hal_cortex.o(i.HAL_NVIC_GetActive), (36 bytes).
    Removing stm32f1xx_hal_cortex.o(i.HAL_NVIC_GetPendingIRQ), (36 bytes).
    Removing stm32f1xx_hal_cortex.o(i.HAL_NVIC_GetPriority), (82 bytes).
    Removing stm32f1xx_hal_cortex.o(i.HAL_NVIC_GetPriorityGrouping), (16 bytes).
    Removing stm32f1xx_hal_cortex.o(i.HAL_NVIC_SetPendingIRQ), (26 bytes).
    Removing stm32f1xx_hal_cortex.o(i.HAL_NVIC_SystemReset), (36 bytes).
    Removing stm32f1xx_hal_cortex.o(i.HAL_SYSTICK_CLKSourceConfig), (24 bytes).
    Removing stm32f1xx_hal_cortex.o(i.HAL_SYSTICK_Callback), (2 bytes).
    Removing stm32f1xx_hal_cortex.o(i.HAL_SYSTICK_IRQHandler), (8 bytes).
    Removing stm32f1xx_hal_pwr.o(.rev16_text), (4 bytes).
    Removing stm32f1xx_hal_pwr.o(.revsh_text), (4 bytes).
    Removing stm32f1xx_hal_pwr.o(.rrx_text), (6 bytes).
    Removing stm32f1xx_hal_pwr.o(i.HAL_PWR_ConfigPVD), (124 bytes).
    Removing stm32f1xx_hal_pwr.o(i.HAL_PWR_DeInit), (24 bytes).
    Removing stm32f1xx_hal_pwr.o(i.HAL_PWR_DisableBkUpAccess), (12 bytes).
    Removing stm32f1xx_hal_pwr.o(i.HAL_PWR_DisablePVD), (12 bytes).
    Removing stm32f1xx_hal_pwr.o(i.HAL_PWR_DisableSEVOnPend), (16 bytes).
    Removing stm32f1xx_hal_pwr.o(i.HAL_PWR_DisableSleepOnExit), (16 bytes).
    Removing stm32f1xx_hal_pwr.o(i.HAL_PWR_DisableWakeUpPin), (28 bytes).
    Removing stm32f1xx_hal_pwr.o(i.HAL_PWR_EnableBkUpAccess), (12 bytes).
    Removing stm32f1xx_hal_pwr.o(i.HAL_PWR_EnablePVD), (12 bytes).
    Removing stm32f1xx_hal_pwr.o(i.HAL_PWR_EnableSEVOnPend), (16 bytes).
    Removing stm32f1xx_hal_pwr.o(i.HAL_PWR_EnableSleepOnExit), (16 bytes).
    Removing stm32f1xx_hal_pwr.o(i.HAL_PWR_EnableWakeUpPin), (28 bytes).
    Removing stm32f1xx_hal_pwr.o(i.HAL_PWR_EnterSLEEPMode), (32 bytes).
    Removing stm32f1xx_hal_pwr.o(i.HAL_PWR_EnterSTANDBYMode), (32 bytes).
    Removing stm32f1xx_hal_pwr.o(i.HAL_PWR_EnterSTOPMode), (68 bytes).
    Removing stm32f1xx_hal_pwr.o(i.HAL_PWR_PVDCallback), (2 bytes).
    Removing stm32f1xx_hal_pwr.o(i.HAL_PWR_PVD_IRQHandler), (28 bytes).
    Removing stm32f1xx_hal_pwr.o(i.PWR_OverloadWfe), (6 bytes).
    Removing stm32f1xx_hal_flash.o(.rev16_text), (4 bytes).
    Removing stm32f1xx_hal_flash.o(.revsh_text), (4 bytes).
    Removing stm32f1xx_hal_flash.o(.rrx_text), (6 bytes).
    Removing stm32f1xx_hal_flash.o(i.FLASH_Program_HalfWord), (28 bytes).
    Removing stm32f1xx_hal_flash.o(i.FLASH_SetErrorCode), (92 bytes).
    Removing stm32f1xx_hal_flash.o(i.FLASH_WaitForLastOperation), (84 bytes).
    Removing stm32f1xx_hal_flash.o(i.HAL_FLASH_EndOfOperationCallback), (2 bytes).
    Removing stm32f1xx_hal_flash.o(i.HAL_FLASH_GetError), (12 bytes).
    Removing stm32f1xx_hal_flash.o(i.HAL_FLASH_IRQHandler), (264 bytes).
    Removing stm32f1xx_hal_flash.o(i.HAL_FLASH_Lock), (20 bytes).
    Removing stm32f1xx_hal_flash.o(i.HAL_FLASH_OB_Launch), (4 bytes).
    Removing stm32f1xx_hal_flash.o(i.HAL_FLASH_OB_Lock), (20 bytes).
    Removing stm32f1xx_hal_flash.o(i.HAL_FLASH_OB_Unlock), (36 bytes).
    Removing stm32f1xx_hal_flash.o(i.HAL_FLASH_OperationErrorCallback), (2 bytes).
    Removing stm32f1xx_hal_flash.o(i.HAL_FLASH_Program), (128 bytes).
    Removing stm32f1xx_hal_flash.o(i.HAL_FLASH_Program_IT), (100 bytes).
    Removing stm32f1xx_hal_flash.o(i.HAL_FLASH_Unlock), (40 bytes).
    Removing stm32f1xx_hal_flash.o(.bss), (32 bytes).
    Removing stm32f1xx_hal_flash_ex.o(.rev16_text), (4 bytes).
    Removing stm32f1xx_hal_flash_ex.o(.revsh_text), (4 bytes).
    Removing stm32f1xx_hal_flash_ex.o(.rrx_text), (6 bytes).
    Removing stm32f1xx_hal_flash_ex.o(i.FLASH_MassErase), (36 bytes).
    Removing stm32f1xx_hal_flash_ex.o(i.FLASH_OB_DisableWRP), (176 bytes).
    Removing stm32f1xx_hal_flash_ex.o(i.FLASH_OB_EnableWRP), (176 bytes).
    Removing stm32f1xx_hal_flash_ex.o(i.FLASH_OB_GetRDP), (24 bytes).
    Removing stm32f1xx_hal_flash_ex.o(i.FLASH_OB_RDP_LevelConfig), (100 bytes).
    Removing stm32f1xx_hal_flash_ex.o(i.FLASH_PageErase), (36 bytes).
    Removing stm32f1xx_hal_flash_ex.o(i.HAL_FLASHEx_Erase), (168 bytes).
    Removing stm32f1xx_hal_flash_ex.o(i.HAL_FLASHEx_Erase_IT), (84 bytes).
    Removing stm32f1xx_hal_flash_ex.o(i.HAL_FLASHEx_OBErase), (84 bytes).
    Removing stm32f1xx_hal_flash_ex.o(i.HAL_FLASHEx_OBGetConfig), (36 bytes).
    Removing stm32f1xx_hal_flash_ex.o(i.HAL_FLASHEx_OBGetUserData), (32 bytes).
    Removing stm32f1xx_hal_flash_ex.o(i.HAL_FLASHEx_OBProgram), (200 bytes).
    Removing stm32f1xx_hal_exti.o(.rev16_text), (4 bytes).
    Removing stm32f1xx_hal_exti.o(.revsh_text), (4 bytes).
    Removing stm32f1xx_hal_exti.o(.rrx_text), (6 bytes).
    Removing stm32f1xx_hal_exti.o(i.HAL_EXTI_ClearConfigLine), (104 bytes).
    Removing stm32f1xx_hal_exti.o(i.HAL_EXTI_ClearPending), (20 bytes).
    Removing stm32f1xx_hal_exti.o(i.HAL_EXTI_GenerateSWI), (20 bytes).
    Removing stm32f1xx_hal_exti.o(i.HAL_EXTI_GetConfigLine), (144 bytes).
    Removing stm32f1xx_hal_exti.o(i.HAL_EXTI_GetHandle), (12 bytes).
    Removing stm32f1xx_hal_exti.o(i.HAL_EXTI_GetPending), (24 bytes).
    Removing stm32f1xx_hal_exti.o(i.HAL_EXTI_IRQHandler), (36 bytes).
    Removing stm32f1xx_hal_exti.o(i.HAL_EXTI_RegisterCallback), (14 bytes).
    Removing stm32f1xx_hal_exti.o(i.HAL_EXTI_SetConfigLine), (164 bytes).
    Removing system_stm32f1xx.o(.rev16_text), (4 bytes).
    Removing system_stm32f1xx.o(.revsh_text), (4 bytes).
    Removing system_stm32f1xx.o(.rrx_text), (6 bytes).
    Removing system_stm32f1xx.o(i.SystemCoreClockUpdate), (104 bytes).
    Removing usbd_core.o(.rev16_text), (4 bytes).
    Removing usbd_core.o(.revsh_text), (4 bytes).
    Removing usbd_core.o(.rrx_text), (6 bytes).
    Removing usbd_core.o(i.USBD_DeInit), (38 bytes).
    Removing usbd_core.o(i.USBD_LL_DevConnected), (4 bytes).
    Removing usbd_core.o(i.USBD_LL_DevDisconnected), (22 bytes).
    Removing usbd_core.o(i.USBD_LL_IsoINIncomplete), (4 bytes).
    Removing usbd_core.o(i.USBD_LL_IsoOUTIncomplete), (4 bytes).
    Removing usbd_core.o(i.USBD_RunTestMode), (4 bytes).
    Removing usbd_core.o(i.USBD_Stop), (26 bytes).
    Removing usbd_ctlreq.o(.rev16_text), (4 bytes).
    Removing usbd_ctlreq.o(.revsh_text), (4 bytes).
    Removing usbd_ctlreq.o(.rrx_text), (6 bytes).
    Removing usbd_ioreq.o(.rev16_text), (4 bytes).
    Removing usbd_ioreq.o(.revsh_text), (4 bytes).
    Removing usbd_ioreq.o(.rrx_text), (6 bytes).
    Removing usbd_ioreq.o(i.USBD_CtlPrepareRx), (30 bytes).
    Removing usbd_ioreq.o(i.USBD_GetRxCount), (4 bytes).
    Removing usbd_hid.o(.rev16_text), (4 bytes).
    Removing usbd_hid.o(.revsh_text), (4 bytes).
    Removing usbd_hid.o(.rrx_text), (6 bytes).
    Removing usbd_hid.o(i.USBD_HID_GetPollingInterval), (12 bytes).

325 unused section(s) (total 12488 bytes) removed from the image.

==============================================================================

Image Symbol Table

    Local Symbols

    Symbol Name                              Value     Ov Type        Size  Object(Section)

    ../Drivers/STM32F1xx_HAL_Driver/Src/stm32f1xx_hal.c 0x00000000   Number         0  stm32f1xx_hal.o ABSOLUTE
    ../Drivers/STM32F1xx_HAL_Driver/Src/stm32f1xx_hal_cortex.c 0x00000000   Number         0  stm32f1xx_hal_cortex.o ABSOLUTE
    ../Drivers/STM32F1xx_HAL_Driver/Src/stm32f1xx_hal_dma.c 0x00000000   Number         0  stm32f1xx_hal_dma.o ABSOLUTE
    ../Drivers/STM32F1xx_HAL_Driver/Src/stm32f1xx_hal_exti.c 0x00000000   Number         0  stm32f1xx_hal_exti.o ABSOLUTE
    ../Drivers/STM32F1xx_HAL_Driver/Src/stm32f1xx_hal_flash.c 0x00000000   Number         0  stm32f1xx_hal_flash.o ABSOLUTE
    ../Drivers/STM32F1xx_HAL_Driver/Src/stm32f1xx_hal_flash_ex.c 0x00000000   Number         0  stm32f1xx_hal_flash_ex.o ABSOLUTE
    ../Drivers/STM32F1xx_HAL_Driver/Src/stm32f1xx_hal_gpio.c 0x00000000   Number         0  stm32f1xx_hal_gpio.o ABSOLUTE
    ../Drivers/STM32F1xx_HAL_Driver/Src/stm32f1xx_hal_gpio_ex.c 0x00000000   Number         0  stm32f1xx_hal_gpio_ex.o ABSOLUTE
    ../Drivers/STM32F1xx_HAL_Driver/Src/stm32f1xx_hal_pcd.c 0x00000000   Number         0  stm32f1xx_hal_pcd.o ABSOLUTE
    ../Drivers/STM32F1xx_HAL_Driver/Src/stm32f1xx_hal_pcd_ex.c 0x00000000   Number         0  stm32f1xx_hal_pcd_ex.o ABSOLUTE
    ../Drivers/STM32F1xx_HAL_Driver/Src/stm32f1xx_hal_pwr.c 0x00000000   Number         0  stm32f1xx_hal_pwr.o ABSOLUTE
    ../Drivers/STM32F1xx_HAL_Driver/Src/stm32f1xx_hal_rcc.c 0x00000000   Number         0  stm32f1xx_hal_rcc.o ABSOLUTE
    ../Drivers/STM32F1xx_HAL_Driver/Src/stm32f1xx_hal_rcc_ex.c 0x00000000   Number         0  stm32f1xx_hal_rcc_ex.o ABSOLUTE
    ../Drivers/STM32F1xx_HAL_Driver/Src/stm32f1xx_hal_tim.c 0x00000000   Number         0  stm32f1xx_hal_tim.o ABSOLUTE
    ../Drivers/STM32F1xx_HAL_Driver/Src/stm32f1xx_hal_tim_ex.c 0x00000000   Number         0  stm32f1xx_hal_tim_ex.o ABSOLUTE
    ../Drivers/STM32F1xx_HAL_Driver/Src/stm32f1xx_hal_uart.c 0x00000000   Number         0  stm32f1xx_hal_uart.o ABSOLUTE
    ../Drivers/STM32F1xx_HAL_Driver/Src/stm32f1xx_ll_usb.c 0x00000000   Number         0  stm32f1xx_ll_usb.o ABSOLUTE
    ../Middlewares/ST/STM32_USB_Device_Library/Class/HID/Src/usbd_hid.c 0x00000000   Number         0  usbd_hid.o ABSOLUTE
    ../Middlewares/ST/STM32_USB_Device_Library/Core/Src/usbd_core.c 0x00000000   Number         0  usbd_core.o ABSOLUTE
    ../Middlewares/ST/STM32_USB_Device_Library/Core/Src/usbd_ctlreq.c 0x00000000   Number         0  usbd_ctlreq.o ABSOLUTE
    ../Middlewares/ST/STM32_USB_Device_Library/Core/Src/usbd_ioreq.c 0x00000000   Number         0  usbd_ioreq.o ABSOLUTE
    ../Src/gpio.c                            0x00000000   Number         0  gpio.o ABSOLUTE
    ../Src/main.c                            0x00000000   Number         0  main.o ABSOLUTE
    ../Src/stm32f1xx_hal_msp.c               0x00000000   Number         0  stm32f1xx_hal_msp.o ABSOLUTE
    ../Src/stm32f1xx_it.c                    0x00000000   Number         0  stm32f1xx_it.o ABSOLUTE
    ../Src/system_stm32f1xx.c                0x00000000   Number         0  system_stm32f1xx.o ABSOLUTE
    ../Src/usart.c                           0x00000000   Number         0  usart.o ABSOLUTE
    ../Src/usb_device.c                      0x00000000   Number         0  usb_device.o ABSOLUTE
    ../Src/usbd_conf.c                       0x00000000   Number         0  usbd_conf.o ABSOLUTE
    ../Src/usbd_desc.c                       0x00000000   Number         0  usbd_desc.o ABSOLUTE
    ../clib/../cmprslib/zerorunl2.c          0x00000000   Number         0  __dczerorl2.o ABSOLUTE
    ../clib/microlib/init/entry.s            0x00000000   Number         0  entry8b.o ABSOLUTE
    ../clib/microlib/init/entry.s            0x00000000   Number         0  entry8a.o ABSOLUTE
    ../clib/microlib/init/entry.s            0x00000000   Number         0  entry7b.o ABSOLUTE
    ../clib/microlib/init/entry.s            0x00000000   Number         0  entry7a.o ABSOLUTE
    ../clib/microlib/init/entry.s            0x00000000   Number         0  entry5.o ABSOLUTE
    ../clib/microlib/init/entry.s            0x00000000   Number         0  entry2.o ABSOLUTE
    ../clib/microlib/init/entry.s            0x00000000   Number         0  entry9b.o ABSOLUTE
    ../clib/microlib/init/entry.s            0x00000000   Number         0  entry11a.o ABSOLUTE
    ../clib/microlib/init/entry.s            0x00000000   Number         0  entry.o ABSOLUTE
    ../clib/microlib/init/entry.s            0x00000000   Number         0  entry10b.o ABSOLUTE
    ../clib/microlib/init/entry.s            0x00000000   Number         0  entry10a.o ABSOLUTE
    ../clib/microlib/init/entry.s            0x00000000   Number         0  entry9a.o ABSOLUTE
    ../clib/microlib/init/entry.s            0x00000000   Number         0  entry11b.o ABSOLUTE
    ../clib/microlib/longlong.c              0x00000000   Number         0  llushr.o ABSOLUTE
    ../clib/microlib/string/memcpy.c         0x00000000   Number         0  memcpya.o ABSOLUTE
    ../clib/microlib/string/memcpy.c         0x00000000   Number         0  memcpyb.o ABSOLUTE
    ../clib/microlib/string/memset.c         0x00000000   Number         0  memseta.o ABSOLUTE
    ..\Drivers\STM32F1xx_HAL_Driver\Src\stm32f1xx_hal.c 0x00000000   Number         0  stm32f1xx_hal.o ABSOLUTE
    ..\Drivers\STM32F1xx_HAL_Driver\Src\stm32f1xx_hal_cortex.c 0x00000000   Number         0  stm32f1xx_hal_cortex.o ABSOLUTE
    ..\Drivers\STM32F1xx_HAL_Driver\Src\stm32f1xx_hal_dma.c 0x00000000   Number         0  stm32f1xx_hal_dma.o ABSOLUTE
    ..\Drivers\STM32F1xx_HAL_Driver\Src\stm32f1xx_hal_exti.c 0x00000000   Number         0  stm32f1xx_hal_exti.o ABSOLUTE
    ..\Drivers\STM32F1xx_HAL_Driver\Src\stm32f1xx_hal_flash.c 0x00000000   Number         0  stm32f1xx_hal_flash.o ABSOLUTE
    ..\Drivers\STM32F1xx_HAL_Driver\Src\stm32f1xx_hal_flash_ex.c 0x00000000   Number         0  stm32f1xx_hal_flash_ex.o ABSOLUTE
    ..\Drivers\STM32F1xx_HAL_Driver\Src\stm32f1xx_hal_gpio.c 0x00000000   Number         0  stm32f1xx_hal_gpio.o ABSOLUTE
    ..\Drivers\STM32F1xx_HAL_Driver\Src\stm32f1xx_hal_gpio_ex.c 0x00000000   Number         0  stm32f1xx_hal_gpio_ex.o ABSOLUTE
    ..\Drivers\STM32F1xx_HAL_Driver\Src\stm32f1xx_hal_pcd.c 0x00000000   Number         0  stm32f1xx_hal_pcd.o ABSOLUTE
    ..\Drivers\STM32F1xx_HAL_Driver\Src\stm32f1xx_hal_pcd_ex.c 0x00000000   Number         0  stm32f1xx_hal_pcd_ex.o ABSOLUTE
    ..\Drivers\STM32F1xx_HAL_Driver\Src\stm32f1xx_hal_pwr.c 0x00000000   Number         0  stm32f1xx_hal_pwr.o ABSOLUTE
    ..\Drivers\STM32F1xx_HAL_Driver\Src\stm32f1xx_hal_rcc.c 0x00000000   Number         0  stm32f1xx_hal_rcc.o ABSOLUTE
    ..\Drivers\STM32F1xx_HAL_Driver\Src\stm32f1xx_hal_rcc_ex.c 0x00000000   Number         0  stm32f1xx_hal_rcc_ex.o ABSOLUTE
    ..\Drivers\STM32F1xx_HAL_Driver\Src\stm32f1xx_hal_tim.c 0x00000000   Number         0  stm32f1xx_hal_tim.o ABSOLUTE
    ..\Drivers\STM32F1xx_HAL_Driver\Src\stm32f1xx_hal_tim_ex.c 0x00000000   Number         0  stm32f1xx_hal_tim_ex.o ABSOLUTE
    ..\Drivers\STM32F1xx_HAL_Driver\Src\stm32f1xx_hal_uart.c 0x00000000   Number         0  stm32f1xx_hal_uart.o ABSOLUTE
    ..\Drivers\STM32F1xx_HAL_Driver\Src\stm32f1xx_ll_usb.c 0x00000000   Number         0  stm32f1xx_ll_usb.o ABSOLUTE
    ..\Middlewares\ST\STM32_USB_Device_Library\Class\HID\Src\usbd_hid.c 0x00000000   Number         0  usbd_hid.o ABSOLUTE
    ..\Middlewares\ST\STM32_USB_Device_Library\Core\Src\usbd_core.c 0x00000000   Number         0  usbd_core.o ABSOLUTE
    ..\Middlewares\ST\STM32_USB_Device_Library\Core\Src\usbd_ctlreq.c 0x00000000   Number         0  usbd_ctlreq.o ABSOLUTE
    ..\Middlewares\ST\STM32_USB_Device_Library\Core\Src\usbd_ioreq.c 0x00000000   Number         0  usbd_ioreq.o ABSOLUTE
    ..\Src\gpio.c                            0x00000000   Number         0  gpio.o ABSOLUTE
    ..\Src\main.c                            0x00000000   Number         0  main.o ABSOLUTE
    ..\Src\stm32f1xx_hal_msp.c               0x00000000   Number         0  stm32f1xx_hal_msp.o ABSOLUTE
    ..\Src\stm32f1xx_it.c                    0x00000000   Number         0  stm32f1xx_it.o ABSOLUTE
    ..\Src\system_stm32f1xx.c                0x00000000   Number         0  system_stm32f1xx.o ABSOLUTE
    ..\Src\usart.c                           0x00000000   Number         0  usart.o ABSOLUTE
    ..\Src\usb_device.c                      0x00000000   Number         0  usb_device.o ABSOLUTE
    ..\Src\usbd_conf.c                       0x00000000   Number         0  usbd_conf.o ABSOLUTE
    ..\Src\usbd_desc.c                       0x00000000   Number         0  usbd_desc.o ABSOLUTE
    dc.s                                     0x00000000   Number         0  dc.o ABSOLUTE
    handlers.s                               0x00000000   Number         0  handlers.o ABSOLUTE
    init.s                                   0x00000000   Number         0  init.o ABSOLUTE
    startup_stm32f103xb.s                    0x00000000   Number         0  startup_stm32f103xb.o ABSOLUTE
    RESET                                    0x08000000   Section      236  startup_stm32f103xb.o(RESET)
    .ARM.Collect$$$$00000000                 0x080000ec   Section        0  entry.o(.ARM.Collect$$$$00000000)
    .ARM.Collect$$$$00000001                 0x080000ec   Section        4  entry2.o(.ARM.Collect$$$$00000001)
    .ARM.Collect$$$$00000004                 0x080000f0   Section        4  entry5.o(.ARM.Collect$$$$00000004)
    .ARM.Collect$$$$00000008                 0x080000f4   Section        0  entry7b.o(.ARM.Collect$$$$00000008)
    .ARM.Collect$$$$0000000A                 0x080000f4   Section        0  entry8b.o(.ARM.Collect$$$$0000000A)
    .ARM.Collect$$$$0000000B                 0x080000f4   Section        8  entry9a.o(.ARM.Collect$$$$0000000B)
    .ARM.Collect$$$$0000000D                 0x080000fc   Section        0  entry10a.o(.ARM.Collect$$$$0000000D)
    .ARM.Collect$$$$0000000F                 0x080000fc   Section        0  entry11a.o(.ARM.Collect$$$$0000000F)
    .ARM.Collect$$$$00002712                 0x080000fc   Section        4  entry2.o(.ARM.Collect$$$$00002712)
    __lit__00000000                          0x080000fc   Data           4  entry2.o(.ARM.Collect$$$$00002712)
    .text                                    0x08000100   Section       36  startup_stm32f103xb.o(.text)
    .text                                    0x08000124   Section        0  memcpya.o(.text)
    .text                                    0x08000148   Section        0  memseta.o(.text)
    .text                                    0x0800016c   Section       36  init.o(.text)
    .text                                    0x08000190   Section        0  __dczerorl2.o(.text)
    i.BusFault_Handler                       0x080001e6   Section        0  stm32f1xx_it.o(i.BusFault_Handler)
    i.DebugMon_Handler                       0x080001e8   Section        0  stm32f1xx_it.o(i.DebugMon_Handler)
    i.Error_Handler                          0x080001ea   Section        0  main.o(i.Error_Handler)
    i.HAL_Delay                              0x080001ec   Section        0  stm32f1xx_hal.o(i.HAL_Delay)
    i.HAL_GPIO_Init                          0x08000210   Section        0  stm32f1xx_hal_gpio.o(i.HAL_GPIO_Init)
    i.HAL_GPIO_WritePin                      0x080003f0   Section        0  stm32f1xx_hal_gpio.o(i.HAL_GPIO_WritePin)
    i.HAL_GetTick                            0x080003fc   Section        0  stm32f1xx_hal.o(i.HAL_GetTick)
    i.HAL_IncTick                            0x08000408   Section        0  stm32f1xx_hal.o(i.HAL_IncTick)
    i.HAL_Init                               0x08000418   Section        0  stm32f1xx_hal.o(i.HAL_Init)
    i.HAL_InitTick                           0x0800043c   Section        0  stm32f1xx_hal.o(i.HAL_InitTick)
    i.HAL_MspInit                            0x0800047c   Section        0  stm32f1xx_hal_msp.o(i.HAL_MspInit)
    i.HAL_NVIC_EnableIRQ                     0x080004b8   Section        0  stm32f1xx_hal_cortex.o(i.HAL_NVIC_EnableIRQ)
    i.HAL_NVIC_SetPriority                   0x080004d4   Section        0  stm32f1xx_hal_cortex.o(i.HAL_NVIC_SetPriority)
    i.HAL_NVIC_SetPriorityGrouping           0x08000514   Section        0  stm32f1xx_hal_cortex.o(i.HAL_NVIC_SetPriorityGrouping)
    i.HAL_PCDEx_PMAConfig                    0x08000538   Section        0  stm32f1xx_hal_pcd_ex.o(i.HAL_PCDEx_PMAConfig)
    i.HAL_PCDEx_SetConnectionState           0x08000574   Section        0  usbd_conf.o(i.HAL_PCDEx_SetConnectionState)
    i.HAL_PCD_DataInStageCallback            0x08000576   Section        0  usbd_conf.o(i.HAL_PCD_DataInStageCallback)
    i.HAL_PCD_DataOutStageCallback           0x08000588   Section        0  usbd_conf.o(i.HAL_PCD_DataOutStageCallback)
    i.HAL_PCD_EP_Close                       0x0800059c   Section        0  stm32f1xx_hal_pcd.o(i.HAL_PCD_EP_Close)
    i.HAL_PCD_EP_ClrStall                    0x080005e8   Section        0  stm32f1xx_hal_pcd.o(i.HAL_PCD_EP_ClrStall)
    i.HAL_PCD_EP_DB_Receive                  0x08000644   Section        0  stm32f1xx_hal_pcd.o(i.HAL_PCD_EP_DB_Receive)
    HAL_PCD_EP_DB_Receive                    0x08000645   Thumb Code   230  stm32f1xx_hal_pcd.o(i.HAL_PCD_EP_DB_Receive)
    i.HAL_PCD_EP_DB_Transmit                 0x0800072a   Section        0  stm32f1xx_hal_pcd.o(i.HAL_PCD_EP_DB_Transmit)
    HAL_PCD_EP_DB_Transmit                   0x0800072b   Thumb Code   816  stm32f1xx_hal_pcd.o(i.HAL_PCD_EP_DB_Transmit)
    i.HAL_PCD_EP_Open                        0x08000a5a   Section        0  stm32f1xx_hal_pcd.o(i.HAL_PCD_EP_Open)
    i.HAL_PCD_EP_Receive                     0x08000aba   Section        0  stm32f1xx_hal_pcd.o(i.HAL_PCD_EP_Receive)
    i.HAL_PCD_EP_SetStall                    0x08000aec   Section        0  stm32f1xx_hal_pcd.o(i.HAL_PCD_EP_SetStall)
    i.HAL_PCD_EP_Transmit                    0x08000b5e   Section        0  stm32f1xx_hal_pcd.o(i.HAL_PCD_EP_Transmit)
    i.HAL_PCD_IRQHandler                     0x08000b92   Section        0  stm32f1xx_hal_pcd.o(i.HAL_PCD_IRQHandler)
    i.HAL_PCD_Init                           0x08000ce8   Section        0  stm32f1xx_hal_pcd.o(i.HAL_PCD_Init)
    i.HAL_PCD_MspInit                        0x08000dc4   Section        0  usbd_conf.o(i.HAL_PCD_MspInit)
    i.HAL_PCD_ResetCallback                  0x08000e00   Section        0  usbd_conf.o(i.HAL_PCD_ResetCallback)
    i.HAL_PCD_ResumeCallback                 0x08000e26   Section        0  usbd_conf.o(i.HAL_PCD_ResumeCallback)
    i.HAL_PCD_SOFCallback                    0x08000e2e   Section        0  usbd_conf.o(i.HAL_PCD_SOFCallback)
    i.HAL_PCD_SetAddress                     0x08000e36   Section        0  stm32f1xx_hal_pcd.o(i.HAL_PCD_SetAddress)
    i.HAL_PCD_SetupStageCallback             0x08000e5e   Section        0  usbd_conf.o(i.HAL_PCD_SetupStageCallback)
    i.HAL_PCD_Start                          0x08000e6c   Section        0  stm32f1xx_hal_pcd.o(i.HAL_PCD_Start)
    i.HAL_PCD_SuspendCallback                0x08000ea0   Section        0  usbd_conf.o(i.HAL_PCD_SuspendCallback)
    i.HAL_RCCEx_PeriphCLKConfig              0x08000ec4   Section        0  stm32f1xx_hal_rcc_ex.o(i.HAL_RCCEx_PeriphCLKConfig)
    i.HAL_RCC_ClockConfig                    0x08000fb0   Section        0  stm32f1xx_hal_rcc.o(i.HAL_RCC_ClockConfig)
    i.HAL_RCC_GetPCLK1Freq                   0x080010dc   Section        0  stm32f1xx_hal_rcc.o(i.HAL_RCC_GetPCLK1Freq)
    i.HAL_RCC_GetPCLK2Freq                   0x080010fc   Section        0  stm32f1xx_hal_rcc.o(i.HAL_RCC_GetPCLK2Freq)
    i.HAL_RCC_GetSysClockFreq                0x0800111c   Section        0  stm32f1xx_hal_rcc.o(i.HAL_RCC_GetSysClockFreq)
    i.HAL_RCC_OscConfig                      0x08001188   Section        0  stm32f1xx_hal_rcc.o(i.HAL_RCC_OscConfig)
    i.HAL_SYSTICK_Config                     0x080014a8   Section        0  stm32f1xx_hal_cortex.o(i.HAL_SYSTICK_Config)
    i.HAL_UART_Init                          0x080014d0   Section        0  stm32f1xx_hal_uart.o(i.HAL_UART_Init)
    i.HAL_UART_MspInit                       0x08001534   Section        0  usart.o(i.HAL_UART_MspInit)
    i.HardFault_Handler                      0x080015a4   Section        0  stm32f1xx_it.o(i.HardFault_Handler)
    i.IntToUnicode                           0x080015a8   Section        0  usbd_desc.o(i.IntToUnicode)
    IntToUnicode                             0x080015a9   Thumb Code    56  usbd_desc.o(i.IntToUnicode)
    i.KeyBoard_Scan                          0x080015e0   Section        0  gpio.o(i.KeyBoard_Scan)
    i.Key_GetValue                           0x08001680   Section        0  gpio.o(i.Key_GetValue)
    i.Key_Release                            0x080016ac   Section        0  gpio.o(i.Key_Release)
    i.Key_RelseaseAll                        0x080016c8   Section        0  gpio.o(i.Key_RelseaseAll)
    i.MX_GPIO_Init                           0x080016dc   Section        0  gpio.o(i.MX_GPIO_Init)
    i.MX_USART1_UART_Init                    0x08001768   Section        0  usart.o(i.MX_USART1_UART_Init)
    i.MX_USB_DEVICE_Init                     0x080017a0   Section        0  usb_device.o(i.MX_USB_DEVICE_Init)
    i.MemManage_Handler                      0x080017e0   Section        0  stm32f1xx_it.o(i.MemManage_Handler)
    i.NMI_Handler                            0x080017e2   Section        0  stm32f1xx_it.o(i.NMI_Handler)
    i.PCD_EP_ISR_Handler                     0x080017e4   Section        0  stm32f1xx_hal_pcd.o(i.PCD_EP_ISR_Handler)
    PCD_EP_ISR_Handler                       0x080017e5   Thumb Code   788  stm32f1xx_hal_pcd.o(i.PCD_EP_ISR_Handler)
    i.PendSV_Handler                         0x08001af8   Section        0  stm32f1xx_it.o(i.PendSV_Handler)
    i.SVC_Handler                            0x08001afa   Section        0  stm32f1xx_it.o(i.SVC_Handler)
    i.SysTick_Handler                        0x08001afc   Section        0  stm32f1xx_it.o(i.SysTick_Handler)
    i.SystemClock_Config                     0x08001b00   Section        0  main.o(i.SystemClock_Config)
    i.SystemInit                             0x08001b60   Section        0  system_stm32f1xx.o(i.SystemInit)
    i.UART_SetConfig                         0x08001b64   Section        0  stm32f1xx_hal_uart.o(i.UART_SetConfig)
    UART_SetConfig                           0x08001b65   Thumb Code   178  stm32f1xx_hal_uart.o(i.UART_SetConfig)
    i.USBD_ClrClassConfig                    0x08001c1c   Section        0  usbd_core.o(i.USBD_ClrClassConfig)
    i.USBD_CtlContinueRx                     0x08001c2a   Section        0  usbd_ioreq.o(i.USBD_CtlContinueRx)
    i.USBD_CtlContinueSendData               0x08001c3a   Section        0  usbd_ioreq.o(i.USBD_CtlContinueSendData)
    i.USBD_CtlError                          0x08001c4a   Section        0  usbd_ctlreq.o(i.USBD_CtlError)
    i.USBD_CtlReceiveStatus                  0x08001c60   Section        0  usbd_ioreq.o(i.USBD_CtlReceiveStatus)
    i.USBD_CtlSendData                       0x08001c76   Section        0  usbd_ioreq.o(i.USBD_CtlSendData)
    i.USBD_CtlSendStatus                     0x08001c90   Section        0  usbd_ioreq.o(i.USBD_CtlSendStatus)
    i.USBD_FS_ConfigStrDescriptor            0x08001ca8   Section        0  usbd_desc.o(i.USBD_FS_ConfigStrDescriptor)
    i.USBD_FS_DeviceDescriptor               0x08001cc8   Section        0  usbd_desc.o(i.USBD_FS_DeviceDescriptor)
    i.USBD_FS_InterfaceStrDescriptor         0x08001cd4   Section        0  usbd_desc.o(i.USBD_FS_InterfaceStrDescriptor)
    i.USBD_FS_LangIDStrDescriptor            0x08001cf8   Section        0  usbd_desc.o(i.USBD_FS_LangIDStrDescriptor)
    i.USBD_FS_ManufacturerStrDescriptor      0x08001d04   Section        0  usbd_desc.o(i.USBD_FS_ManufacturerStrDescriptor)
    i.USBD_FS_ProductStrDescriptor           0x08001d2c   Section        0  usbd_desc.o(i.USBD_FS_ProductStrDescriptor)
    i.USBD_FS_SerialStrDescriptor            0x08001d58   Section        0  usbd_desc.o(i.USBD_FS_SerialStrDescriptor)
    i.USBD_GetDescriptor                     0x08001d90   Section        0  usbd_ctlreq.o(i.USBD_GetDescriptor)
    USBD_GetDescriptor                       0x08001d91   Thumb Code   232  usbd_ctlreq.o(i.USBD_GetDescriptor)
    i.USBD_GetString                         0x08001e78   Section        0  usbd_ctlreq.o(i.USBD_GetString)
    i.USBD_Get_USB_Status                    0x08001ec0   Section        0  usbd_conf.o(i.USBD_Get_USB_Status)
    USBD_Get_USB_Status                      0x08001ec1   Thumb Code    24  usbd_conf.o(i.USBD_Get_USB_Status)
    i.USBD_HID_DataIn                        0x08001ed8   Section        0  usbd_hid.o(i.USBD_HID_DataIn)
    USBD_HID_DataIn                          0x08001ed9   Thumb Code    12  usbd_hid.o(i.USBD_HID_DataIn)
    i.USBD_HID_DeInit                        0x08001ee4   Section        0  usbd_hid.o(i.USBD_HID_DeInit)
    USBD_HID_DeInit                          0x08001ee5   Thumb Code    32  usbd_hid.o(i.USBD_HID_DeInit)
    i.USBD_HID_GetDeviceQualifierDesc        0x08001f04   Section        0  usbd_hid.o(i.USBD_HID_GetDeviceQualifierDesc)
    USBD_HID_GetDeviceQualifierDesc          0x08001f05   Thumb Code     8  usbd_hid.o(i.USBD_HID_GetDeviceQualifierDesc)
    i.USBD_HID_GetFSCfgDesc                  0x08001f10   Section        0  usbd_hid.o(i.USBD_HID_GetFSCfgDesc)
    USBD_HID_GetFSCfgDesc                    0x08001f11   Thumb Code     8  usbd_hid.o(i.USBD_HID_GetFSCfgDesc)
    i.USBD_HID_GetHSCfgDesc                  0x08001f1c   Section        0  usbd_hid.o(i.USBD_HID_GetHSCfgDesc)
    USBD_HID_GetHSCfgDesc                    0x08001f1d   Thumb Code     8  usbd_hid.o(i.USBD_HID_GetHSCfgDesc)
    i.USBD_HID_GetOtherSpeedCfgDesc          0x08001f28   Section        0  usbd_hid.o(i.USBD_HID_GetOtherSpeedCfgDesc)
    USBD_HID_GetOtherSpeedCfgDesc            0x08001f29   Thumb Code     8  usbd_hid.o(i.USBD_HID_GetOtherSpeedCfgDesc)
    i.USBD_HID_Init                          0x08001f34   Section        0  usbd_hid.o(i.USBD_HID_Init)
    USBD_HID_Init                            0x08001f35   Thumb Code    42  usbd_hid.o(i.USBD_HID_Init)
    i.USBD_HID_SendReport                    0x08001f5e   Section        0  usbd_hid.o(i.USBD_HID_SendReport)
    i.USBD_HID_Setup                         0x08001f84   Section        0  usbd_hid.o(i.USBD_HID_Setup)
    USBD_HID_Setup                           0x08001f85   Thumb Code   196  usbd_hid.o(i.USBD_HID_Setup)
    i.USBD_Init                              0x0800204c   Section        0  usbd_core.o(i.USBD_Init)
    i.USBD_LL_ClearStallEP                   0x08002076   Section        0  usbd_conf.o(i.USBD_LL_ClearStallEP)
    i.USBD_LL_CloseEP                        0x08002088   Section        0  usbd_conf.o(i.USBD_LL_CloseEP)
    i.USBD_LL_DataInStage                    0x0800209a   Section        0  usbd_core.o(i.USBD_LL_DataInStage)
    i.USBD_LL_DataOutStage                   0x08002160   Section        0  usbd_core.o(i.USBD_LL_DataOutStage)
    i.USBD_LL_Init                           0x080021e4   Section        0  usbd_conf.o(i.USBD_LL_Init)
    i.USBD_LL_IsStallEP                      0x0800224c   Section        0  usbd_conf.o(i.USBD_LL_IsStallEP)
    i.USBD_LL_OpenEP                         0x0800226c   Section        0  usbd_conf.o(i.USBD_LL_OpenEP)
    i.USBD_LL_PrepareReceive                 0x08002284   Section        0  usbd_conf.o(i.USBD_LL_PrepareReceive)
    i.USBD_LL_Reset                          0x08002296   Section        0  usbd_core.o(i.USBD_LL_Reset)
    i.USBD_LL_Resume                         0x080022e6   Section        0  usbd_core.o(i.USBD_LL_Resume)
    i.USBD_LL_SOF                            0x080022fa   Section        0  usbd_core.o(i.USBD_LL_SOF)
    i.USBD_LL_SetSpeed                       0x08002312   Section        0  usbd_core.o(i.USBD_LL_SetSpeed)
    i.USBD_LL_SetUSBAddress                  0x08002318   Section        0  usbd_conf.o(i.USBD_LL_SetUSBAddress)
    i.USBD_LL_SetupStage                     0x0800232a   Section        0  usbd_core.o(i.USBD_LL_SetupStage)
    i.USBD_LL_StallEP                        0x08002384   Section        0  usbd_conf.o(i.USBD_LL_StallEP)
    i.USBD_LL_Start                          0x08002396   Section        0  usbd_conf.o(i.USBD_LL_Start)
    i.USBD_LL_Suspend                        0x080023a8   Section        0  usbd_core.o(i.USBD_LL_Suspend)
    i.USBD_LL_Transmit                       0x080023ba   Section        0  usbd_conf.o(i.USBD_LL_Transmit)
    i.USBD_ParseSetupRequest                 0x080023cc   Section        0  usbd_ctlreq.o(i.USBD_ParseSetupRequest)
    i.USBD_RegisterClass                     0x080023f4   Section        0  usbd_core.o(i.USBD_RegisterClass)
    i.USBD_SetClassConfig                    0x08002404   Section        0  usbd_core.o(i.USBD_SetClassConfig)
    i.USBD_SetConfig                         0x0800241c   Section        0  usbd_ctlreq.o(i.USBD_SetConfig)
    USBD_SetConfig                           0x0800241d   Thumb Code   128  usbd_ctlreq.o(i.USBD_SetConfig)
    i.USBD_Start                             0x080024a0   Section        0  usbd_core.o(i.USBD_Start)
    i.USBD_StdDevReq                         0x080024aa   Section        0  usbd_ctlreq.o(i.USBD_StdDevReq)
    i.USBD_StdEPReq                          0x080025bc   Section        0  usbd_ctlreq.o(i.USBD_StdEPReq)
    i.USBD_StdItfReq                         0x0800270c   Section        0  usbd_ctlreq.o(i.USBD_StdItfReq)
    i.USBD_static_free                       0x0800275a   Section        0  usbd_conf.o(i.USBD_static_free)
    i.USBD_static_malloc                     0x0800275c   Section        0  usbd_conf.o(i.USBD_static_malloc)
    i.USB_ActivateEndpoint                   0x08002764   Section        0  stm32f1xx_ll_usb.o(i.USB_ActivateEndpoint)
    i.USB_CoreInit                           0x080029bc   Section        0  stm32f1xx_ll_usb.o(i.USB_CoreInit)
    i.USB_DeactivateEndpoint                 0x080029c0   Section        0  stm32f1xx_ll_usb.o(i.USB_DeactivateEndpoint)
    i.USB_DevConnect                         0x08002ace   Section        0  stm32f1xx_ll_usb.o(i.USB_DevConnect)
    i.USB_DevDisconnect                      0x08002ad2   Section        0  stm32f1xx_ll_usb.o(i.USB_DevDisconnect)
    i.USB_DevInit                            0x08002ad6   Section        0  stm32f1xx_ll_usb.o(i.USB_DevInit)
    i.USB_DisableGlobalInt                   0x08002ae8   Section        0  stm32f1xx_ll_usb.o(i.USB_DisableGlobalInt)
    i.USB_EP0_OutStart                       0x08002af6   Section        0  stm32f1xx_ll_usb.o(i.USB_EP0_OutStart)
    i.USB_EPClearStall                       0x08002afa   Section        0  stm32f1xx_ll_usb.o(i.USB_EPClearStall)
    i.USB_EPSetStall                         0x08002b72   Section        0  stm32f1xx_ll_usb.o(i.USB_EPSetStall)
    i.USB_EPStartXfer                        0x08002ba4   Section        0  stm32f1xx_ll_usb.o(i.USB_EPStartXfer)
    i.USB_EnableGlobalInt                    0x080031b0   Section        0  stm32f1xx_ll_usb.o(i.USB_EnableGlobalInt)
    i.USB_LP_CAN1_RX0_IRQHandler             0x080031c4   Section        0  stm32f1xx_it.o(i.USB_LP_CAN1_RX0_IRQHandler)
    i.USB_ReadInterrupts                     0x080031d0   Section        0  stm32f1xx_ll_usb.o(i.USB_ReadInterrupts)
    i.USB_ReadPMA                            0x080031d8   Section        0  stm32f1xx_ll_usb.o(i.USB_ReadPMA)
    i.USB_SetCurrentMode                     0x08003204   Section        0  stm32f1xx_ll_usb.o(i.USB_SetCurrentMode)
    i.USB_SetDevAddress                      0x08003208   Section        0  stm32f1xx_ll_usb.o(i.USB_SetDevAddress)
    i.USB_WritePMA                           0x08003214   Section        0  stm32f1xx_ll_usb.o(i.USB_WritePMA)
    i.UsageFault_Handler                     0x0800323a   Section        0  stm32f1xx_it.o(i.UsageFault_Handler)
    i.__NVIC_SetPriority                     0x0800323c   Section        0  stm32f1xx_hal_cortex.o(i.__NVIC_SetPriority)
    __NVIC_SetPriority                       0x0800323d   Thumb Code    32  stm32f1xx_hal_cortex.o(i.__NVIC_SetPriority)
    i.__scatterload_copy                     0x0800325c   Section       14  handlers.o(i.__scatterload_copy)
    i.__scatterload_null                     0x0800326a   Section        2  handlers.o(i.__scatterload_null)
    i.__scatterload_zeroinit                 0x0800326c   Section       14  handlers.o(i.__scatterload_zeroinit)
    i.main                                   0x0800327a   Section        0  main.o(i.main)
    .constdata                               0x08003294   Section       16  system_stm32f1xx.o(.constdata)
    .constdata                               0x080032a4   Section        8  system_stm32f1xx.o(.constdata)
    .data                                    0x20000000   Section      216  gpio.o(.data)
    .data                                    0x200000d8   Section       28  usbd_desc.o(.data)
    .data                                    0x200000f4   Section       50  usbd_desc.o(.data)
    .data                                    0x20000128   Section       12  stm32f1xx_hal.o(.data)
    .data                                    0x20000134   Section        4  system_stm32f1xx.o(.data)
    .data                                    0x20000138   Section        1  usbd_ctlreq.o(.data)
    cfgidx                                   0x20000138   Data           1  usbd_ctlreq.o(.data)
    .data                                    0x2000013c   Section       56  usbd_hid.o(.data)
    .data                                    0x20000174   Section      195  usbd_hid.o(.data)
    USBD_HID_CfgFSDesc                       0x20000174   Data          34  usbd_hid.o(.data)
    USBD_HID_CfgHSDesc                       0x20000198   Data          34  usbd_hid.o(.data)
    USBD_HID_OtherSpeedCfgDesc               0x200001bc   Data          34  usbd_hid.o(.data)
    USBD_HID_Desc                            0x200001e0   Data           9  usbd_hid.o(.data)
    USBD_HID_DeviceQualifierDesc             0x200001ec   Data          10  usbd_hid.o(.data)
    HID_KEYBOARD_ReportDesc                  0x200001f8   Data          63  usbd_hid.o(.data)
    .bss                                     0x20000238   Section       68  usart.o(.bss)
    .bss                                     0x2000027c   Section      708  usb_device.o(.bss)
    .bss                                     0x20000540   Section      768  usbd_conf.o(.bss)
    mem                                      0x20000540   Data          20  usbd_conf.o(.bss)
    .bss                                     0x20000840   Section      512  usbd_desc.o(.bss)
    STACK                                    0x20000a40   Section     1024  startup_stm32f103xb.o(STACK)

    Global Symbols

    Symbol Name                              Value     Ov Type        Size  Object(Section)

    BuildAttributes$$THM_ISAv4$P$D$K$B$S$PE$A:L22UL41UL21$X:L11$S22US41US21$IEEE1$IW$USESV6$~STKCKD$USESV7$~SHL$OSPACE$EBA8$MICROLIB$REQ8$PRES8$EABIv2 0x00000000   Number         0  anon$$obj.o ABSOLUTE
    __ARM_use_no_argv                        0x00000000   Number         0  main.o ABSOLUTE
    __cpp_initialize__aeabi_                  - Undefined Weak Reference
    __cxa_finalize                            - Undefined Weak Reference
    _clock_init                               - Undefined Weak Reference
    _microlib_exit                            - Undefined Weak Reference
    __Vectors_Size                           0x000000ec   Number         0  startup_stm32f103xb.o ABSOLUTE
    __Vectors                                0x08000000   Data           4  startup_stm32f103xb.o(RESET)
    __Vectors_End                            0x080000ec   Data           0  startup_stm32f103xb.o(RESET)
    __main                                   0x080000ed   Thumb Code     0  entry.o(.ARM.Collect$$$$00000000)
    _main_stk                                0x080000ed   Thumb Code     0  entry2.o(.ARM.Collect$$$$00000001)
    _main_scatterload                        0x080000f1   Thumb Code     0  entry5.o(.ARM.Collect$$$$00000004)
    __main_after_scatterload                 0x080000f5   Thumb Code     0  entry5.o(.ARM.Collect$$$$00000004)
    _main_clock                              0x080000f5   Thumb Code     0  entry7b.o(.ARM.Collect$$$$00000008)
    _main_cpp_init                           0x080000f5   Thumb Code     0  entry8b.o(.ARM.Collect$$$$0000000A)
    _main_init                               0x080000f5   Thumb Code     0  entry9a.o(.ARM.Collect$$$$0000000B)
    __rt_final_cpp                           0x080000fd   Thumb Code     0  entry10a.o(.ARM.Collect$$$$0000000D)
    __rt_final_exit                          0x080000fd   Thumb Code     0  entry11a.o(.ARM.Collect$$$$0000000F)
    Reset_Handler                            0x08000101   Thumb Code     8  startup_stm32f103xb.o(.text)
    ADC1_2_IRQHandler                        0x0800011b   Thumb Code     0  startup_stm32f103xb.o(.text)
    CAN1_RX1_IRQHandler                      0x0800011b   Thumb Code     0  startup_stm32f103xb.o(.text)
    CAN1_SCE_IRQHandler                      0x0800011b   Thumb Code     0  startup_stm32f103xb.o(.text)
    DMA1_Channel1_IRQHandler                 0x0800011b   Thumb Code     0  startup_stm32f103xb.o(.text)
    DMA1_Channel2_IRQHandler                 0x0800011b   Thumb Code     0  startup_stm32f103xb.o(.text)
    DMA1_Channel3_IRQHandler                 0x0800011b   Thumb Code     0  startup_stm32f103xb.o(.text)
    DMA1_Channel4_IRQHandler                 0x0800011b   Thumb Code     0  startup_stm32f103xb.o(.text)
    DMA1_Channel5_IRQHandler                 0x0800011b   Thumb Code     0  startup_stm32f103xb.o(.text)
    DMA1_Channel6_IRQHandler                 0x0800011b   Thumb Code     0  startup_stm32f103xb.o(.text)
    DMA1_Channel7_IRQHandler                 0x0800011b   Thumb Code     0  startup_stm32f103xb.o(.text)
    EXTI0_IRQHandler                         0x0800011b   Thumb Code     0  startup_stm32f103xb.o(.text)
    EXTI15_10_IRQHandler                     0x0800011b   Thumb Code     0  startup_stm32f103xb.o(.text)
    EXTI1_IRQHandler                         0x0800011b   Thumb Code     0  startup_stm32f103xb.o(.text)
    EXTI2_IRQHandler                         0x0800011b   Thumb Code     0  startup_stm32f103xb.o(.text)
    EXTI3_IRQHandler                         0x0800011b   Thumb Code     0  startup_stm32f103xb.o(.text)
    EXTI4_IRQHandler                         0x0800011b   Thumb Code     0  startup_stm32f103xb.o(.text)
    EXTI9_5_IRQHandler                       0x0800011b   Thumb Code     0  startup_stm32f103xb.o(.text)
    FLASH_IRQHandler                         0x0800011b   Thumb Code     0  startup_stm32f103xb.o(.text)
    I2C1_ER_IRQHandler                       0x0800011b   Thumb Code     0  startup_stm32f103xb.o(.text)
    I2C1_EV_IRQHandler                       0x0800011b   Thumb Code     0  startup_stm32f103xb.o(.text)
    I2C2_ER_IRQHandler                       0x0800011b   Thumb Code     0  startup_stm32f103xb.o(.text)
    I2C2_EV_IRQHandler                       0x0800011b   Thumb Code     0  startup_stm32f103xb.o(.text)
    PVD_IRQHandler                           0x0800011b   Thumb Code     0  startup_stm32f103xb.o(.text)
    RCC_IRQHandler                           0x0800011b   Thumb Code     0  startup_stm32f103xb.o(.text)
    RTC_Alarm_IRQHandler                     0x0800011b   Thumb Code     0  startup_stm32f103xb.o(.text)
    RTC_IRQHandler                           0x0800011b   Thumb Code     0  startup_stm32f103xb.o(.text)
    SPI1_IRQHandler                          0x0800011b   Thumb Code     0  startup_stm32f103xb.o(.text)
    SPI2_IRQHandler                          0x0800011b   Thumb Code     0  startup_stm32f103xb.o(.text)
    TAMPER_IRQHandler                        0x0800011b   Thumb Code     0  startup_stm32f103xb.o(.text)
    TIM1_BRK_IRQHandler                      0x0800011b   Thumb Code     0  startup_stm32f103xb.o(.text)
    TIM1_CC_IRQHandler                       0x0800011b   Thumb Code     0  startup_stm32f103xb.o(.text)
    TIM1_TRG_COM_IRQHandler                  0x0800011b   Thumb Code     0  startup_stm32f103xb.o(.text)
    TIM1_UP_IRQHandler                       0x0800011b   Thumb Code     0  startup_stm32f103xb.o(.text)
    TIM2_IRQHandler                          0x0800011b   Thumb Code     0  startup_stm32f103xb.o(.text)
    TIM3_IRQHandler                          0x0800011b   Thumb Code     0  startup_stm32f103xb.o(.text)
    TIM4_IRQHandler                          0x0800011b   Thumb Code     0  startup_stm32f103xb.o(.text)
    USART1_IRQHandler                        0x0800011b   Thumb Code     0  startup_stm32f103xb.o(.text)
    USART2_IRQHandler                        0x0800011b   Thumb Code     0  startup_stm32f103xb.o(.text)
    USART3_IRQHandler                        0x0800011b   Thumb Code     0  startup_stm32f103xb.o(.text)
    USBWakeUp_IRQHandler                     0x0800011b   Thumb Code     0  startup_stm32f103xb.o(.text)
    USB_HP_CAN1_TX_IRQHandler                0x0800011b   Thumb Code     0  startup_stm32f103xb.o(.text)
    WWDG_IRQHandler                          0x0800011b   Thumb Code     0  startup_stm32f103xb.o(.text)
    __aeabi_memcpy                           0x08000125   Thumb Code    36  memcpya.o(.text)
    __aeabi_memcpy4                          0x08000125   Thumb Code     0  memcpya.o(.text)
    __aeabi_memcpy8                          0x08000125   Thumb Code     0  memcpya.o(.text)
    __aeabi_memset                           0x08000149   Thumb Code    14  memseta.o(.text)
    __aeabi_memset4                          0x08000149   Thumb Code     0  memseta.o(.text)
    __aeabi_memset8                          0x08000149   Thumb Code     0  memseta.o(.text)
    __aeabi_memclr                           0x08000157   Thumb Code     4  memseta.o(.text)
    __aeabi_memclr4                          0x08000157   Thumb Code     0  memseta.o(.text)
    __aeabi_memclr8                          0x08000157   Thumb Code     0  memseta.o(.text)
    _memset$wrapper                          0x0800015b   Thumb Code    18  memseta.o(.text)
    __scatterload                            0x0800016d   Thumb Code    28  init.o(.text)
    __scatterload_rt2                        0x0800016d   Thumb Code     0  init.o(.text)
    __decompress                             0x08000191   Thumb Code     0  __dczerorl2.o(.text)
    __decompress1                            0x08000191   Thumb Code    86  __dczerorl2.o(.text)
    BusFault_Handler                         0x080001e7   Thumb Code     2  stm32f1xx_it.o(i.BusFault_Handler)
    DebugMon_Handler                         0x080001e9   Thumb Code     2  stm32f1xx_it.o(i.DebugMon_Handler)
    Error_Handler                            0x080001eb   Thumb Code     2  main.o(i.Error_Handler)
    HAL_Delay                                0x080001ed   Thumb Code    32  stm32f1xx_hal.o(i.HAL_Delay)
    HAL_GPIO_Init                            0x08000211   Thumb Code   446  stm32f1xx_hal_gpio.o(i.HAL_GPIO_Init)
    HAL_GPIO_WritePin                        0x080003f1   Thumb Code    10  stm32f1xx_hal_gpio.o(i.HAL_GPIO_WritePin)
    HAL_GetTick                              0x080003fd   Thumb Code     6  stm32f1xx_hal.o(i.HAL_GetTick)
    HAL_IncTick                              0x08000409   Thumb Code    12  stm32f1xx_hal.o(i.HAL_IncTick)
    HAL_Init                                 0x08000419   Thumb Code    32  stm32f1xx_hal.o(i.HAL_Init)
    HAL_InitTick                             0x0800043d   Thumb Code    54  stm32f1xx_hal.o(i.HAL_InitTick)
    HAL_MspInit                              0x0800047d   Thumb Code    52  stm32f1xx_hal_msp.o(i.HAL_MspInit)
    HAL_NVIC_EnableIRQ                       0x080004b9   Thumb Code    26  stm32f1xx_hal_cortex.o(i.HAL_NVIC_EnableIRQ)
    HAL_NVIC_SetPriority                     0x080004d5   Thumb Code    60  stm32f1xx_hal_cortex.o(i.HAL_NVIC_SetPriority)
    HAL_NVIC_SetPriorityGrouping             0x08000515   Thumb Code    26  stm32f1xx_hal_cortex.o(i.HAL_NVIC_SetPriorityGrouping)
    HAL_PCDEx_PMAConfig                      0x08000539   Thumb Code    60  stm32f1xx_hal_pcd_ex.o(i.HAL_PCDEx_PMAConfig)
    HAL_PCDEx_SetConnectionState             0x08000575   Thumb Code     2  usbd_conf.o(i.HAL_PCDEx_SetConnectionState)
    HAL_PCD_DataInStageCallback              0x08000577   Thumb Code    18  usbd_conf.o(i.HAL_PCD_DataInStageCallback)
    HAL_PCD_DataOutStageCallback             0x08000589   Thumb Code    20  usbd_conf.o(i.HAL_PCD_DataOutStageCallback)
    HAL_PCD_EP_Close                         0x0800059d   Thumb Code    76  stm32f1xx_hal_pcd.o(i.HAL_PCD_EP_Close)
    HAL_PCD_EP_ClrStall                      0x080005e9   Thumb Code    92  stm32f1xx_hal_pcd.o(i.HAL_PCD_EP_ClrStall)
    HAL_PCD_EP_Open                          0x08000a5b   Thumb Code    96  stm32f1xx_hal_pcd.o(i.HAL_PCD_EP_Open)
    HAL_PCD_EP_Receive                       0x08000abb   Thumb Code    50  stm32f1xx_hal_pcd.o(i.HAL_PCD_EP_Receive)
    HAL_PCD_EP_SetStall                      0x08000aed   Thumb Code   114  stm32f1xx_hal_pcd.o(i.HAL_PCD_EP_SetStall)
    HAL_PCD_EP_Transmit                      0x08000b5f   Thumb Code    52  stm32f1xx_hal_pcd.o(i.HAL_PCD_EP_Transmit)
    HAL_PCD_IRQHandler                       0x08000b93   Thumb Code   340  stm32f1xx_hal_pcd.o(i.HAL_PCD_IRQHandler)
    HAL_PCD_Init                             0x08000ce9   Thumb Code   218  stm32f1xx_hal_pcd.o(i.HAL_PCD_Init)
    HAL_PCD_MspInit                          0x08000dc5   Thumb Code    50  usbd_conf.o(i.HAL_PCD_MspInit)
    HAL_PCD_ResetCallback                    0x08000e01   Thumb Code    38  usbd_conf.o(i.HAL_PCD_ResetCallback)
    HAL_PCD_ResumeCallback                   0x08000e27   Thumb Code     8  usbd_conf.o(i.HAL_PCD_ResumeCallback)
    HAL_PCD_SOFCallback                      0x08000e2f   Thumb Code     8  usbd_conf.o(i.HAL_PCD_SOFCallback)
    HAL_PCD_SetAddress                       0x08000e37   Thumb Code    40  stm32f1xx_hal_pcd.o(i.HAL_PCD_SetAddress)
    HAL_PCD_SetupStageCallback               0x08000e5f   Thumb Code    14  usbd_conf.o(i.HAL_PCD_SetupStageCallback)
    HAL_PCD_Start                            0x08000e6d   Thumb Code    50  stm32f1xx_hal_pcd.o(i.HAL_PCD_Start)
    HAL_PCD_SuspendCallback                  0x08000ea1   Thumb Code    30  usbd_conf.o(i.HAL_PCD_SuspendCallback)
    HAL_RCCEx_PeriphCLKConfig                0x08000ec5   Thumb Code   224  stm32f1xx_hal_rcc_ex.o(i.HAL_RCCEx_PeriphCLKConfig)
    HAL_RCC_ClockConfig                      0x08000fb1   Thumb Code   280  stm32f1xx_hal_rcc.o(i.HAL_RCC_ClockConfig)
    HAL_RCC_GetPCLK1Freq                     0x080010dd   Thumb Code    20  stm32f1xx_hal_rcc.o(i.HAL_RCC_GetPCLK1Freq)
    HAL_RCC_GetPCLK2Freq                     0x080010fd   Thumb Code    20  stm32f1xx_hal_rcc.o(i.HAL_RCC_GetPCLK2Freq)
    HAL_RCC_GetSysClockFreq                  0x0800111d   Thumb Code    74  stm32f1xx_hal_rcc.o(i.HAL_RCC_GetSysClockFreq)
    HAL_RCC_OscConfig                        0x08001189   Thumb Code   778  stm32f1xx_hal_rcc.o(i.HAL_RCC_OscConfig)
    HAL_SYSTICK_Config                       0x080014a9   Thumb Code    40  stm32f1xx_hal_cortex.o(i.HAL_SYSTICK_Config)
    HAL_UART_Init                            0x080014d1   Thumb Code    98  stm32f1xx_hal_uart.o(i.HAL_UART_Init)
    HAL_UART_MspInit                         0x08001535   Thumb Code   100  usart.o(i.HAL_UART_MspInit)
    HardFault_Handler                        0x080015a5   Thumb Code     2  stm32f1xx_it.o(i.HardFault_Handler)
    KeyBoard_Scan                            0x080015e1   Thumb Code   142  gpio.o(i.KeyBoard_Scan)
    Key_GetValue                             0x08001681   Thumb Code    40  gpio.o(i.Key_GetValue)
    Key_Release                              0x080016ad   Thumb Code    24  gpio.o(i.Key_Release)
    Key_RelseaseAll                          0x080016c9   Thumb Code    16  gpio.o(i.Key_RelseaseAll)
    MX_GPIO_Init                             0x080016dd   Thumb Code   126  gpio.o(i.MX_GPIO_Init)
    MX_USART1_UART_Init                      0x08001769   Thumb Code    48  usart.o(i.MX_USART1_UART_Init)
    MX_USB_DEVICE_Init                       0x080017a1   Thumb Code    52  usb_device.o(i.MX_USB_DEVICE_Init)
    MemManage_Handler                        0x080017e1   Thumb Code     2  stm32f1xx_it.o(i.MemManage_Handler)
    NMI_Handler                              0x080017e3   Thumb Code     2  stm32f1xx_it.o(i.NMI_Handler)
    PendSV_Handler                           0x08001af9   Thumb Code     2  stm32f1xx_it.o(i.PendSV_Handler)
    SVC_Handler                              0x08001afb   Thumb Code     2  stm32f1xx_it.o(i.SVC_Handler)
    SysTick_Handler                          0x08001afd   Thumb Code     4  stm32f1xx_it.o(i.SysTick_Handler)
    SystemClock_Config                       0x08001b01   Thumb Code    96  main.o(i.SystemClock_Config)
    SystemInit                               0x08001b61   Thumb Code     2  system_stm32f1xx.o(i.SystemInit)
    USBD_ClrClassConfig                      0x08001c1d   Thumb Code    14  usbd_core.o(i.USBD_ClrClassConfig)
    USBD_CtlContinueRx                       0x08001c2b   Thumb Code    16  usbd_ioreq.o(i.USBD_CtlContinueRx)
    USBD_CtlContinueSendData                 0x08001c3b   Thumb Code    16  usbd_ioreq.o(i.USBD_CtlContinueSendData)
    USBD_CtlError                            0x08001c4b   Thumb Code    22  usbd_ctlreq.o(i.USBD_CtlError)
    USBD_CtlReceiveStatus                    0x08001c61   Thumb Code    22  usbd_ioreq.o(i.USBD_CtlReceiveStatus)
    USBD_CtlSendData                         0x08001c77   Thumb Code    26  usbd_ioreq.o(i.USBD_CtlSendData)
    USBD_CtlSendStatus                       0x08001c91   Thumb Code    22  usbd_ioreq.o(i.USBD_CtlSendStatus)
    USBD_FS_ConfigStrDescriptor              0x08001ca9   Thumb Code    16  usbd_desc.o(i.USBD_FS_ConfigStrDescriptor)
    USBD_FS_DeviceDescriptor                 0x08001cc9   Thumb Code     8  usbd_desc.o(i.USBD_FS_DeviceDescriptor)
    USBD_FS_InterfaceStrDescriptor           0x08001cd5   Thumb Code    16  usbd_desc.o(i.USBD_FS_InterfaceStrDescriptor)
    USBD_FS_LangIDStrDescriptor              0x08001cf9   Thumb Code     8  usbd_desc.o(i.USBD_FS_LangIDStrDescriptor)
    USBD_FS_ManufacturerStrDescriptor        0x08001d05   Thumb Code    16  usbd_desc.o(i.USBD_FS_ManufacturerStrDescriptor)
    USBD_FS_ProductStrDescriptor             0x08001d2d   Thumb Code    16  usbd_desc.o(i.USBD_FS_ProductStrDescriptor)
    USBD_FS_SerialStrDescriptor              0x08001d59   Thumb Code    48  usbd_desc.o(i.USBD_FS_SerialStrDescriptor)
    USBD_GetString                           0x08001e79   Thumb Code    72  usbd_ctlreq.o(i.USBD_GetString)
    USBD_HID_SendReport                      0x08001f5f   Thumb Code    36  usbd_hid.o(i.USBD_HID_SendReport)
    USBD_Init                                0x0800204d   Thumb Code    42  usbd_core.o(i.USBD_Init)
    USBD_LL_ClearStallEP                     0x08002077   Thumb Code    18  usbd_conf.o(i.USBD_LL_ClearStallEP)
    USBD_LL_CloseEP                          0x08002089   Thumb Code    18  usbd_conf.o(i.USBD_LL_CloseEP)
    USBD_LL_DataInStage                      0x0800209b   Thumb Code   198  usbd_core.o(i.USBD_LL_DataInStage)
    USBD_LL_DataOutStage                     0x08002161   Thumb Code   130  usbd_core.o(i.USBD_LL_DataOutStage)
    USBD_LL_Init                             0x080021e5   Thumb Code    94  usbd_conf.o(i.USBD_LL_Init)
    USBD_LL_IsStallEP                        0x0800224d   Thumb Code    32  usbd_conf.o(i.USBD_LL_IsStallEP)
    USBD_LL_OpenEP                           0x0800226d   Thumb Code    24  usbd_conf.o(i.USBD_LL_OpenEP)
    USBD_LL_PrepareReceive                   0x08002285   Thumb Code    18  usbd_conf.o(i.USBD_LL_PrepareReceive)
    USBD_LL_Reset                            0x08002297   Thumb Code    80  usbd_core.o(i.USBD_LL_Reset)
    USBD_LL_Resume                           0x080022e7   Thumb Code    20  usbd_core.o(i.USBD_LL_Resume)
    USBD_LL_SOF                              0x080022fb   Thumb Code    24  usbd_core.o(i.USBD_LL_SOF)
    USBD_LL_SetSpeed                         0x08002313   Thumb Code     6  usbd_core.o(i.USBD_LL_SetSpeed)
    USBD_LL_SetUSBAddress                    0x08002319   Thumb Code    18  usbd_conf.o(i.USBD_LL_SetUSBAddress)
    USBD_LL_SetupStage                       0x0800232b   Thumb Code    90  usbd_core.o(i.USBD_LL_SetupStage)
    USBD_LL_StallEP                          0x08002385   Thumb Code    18  usbd_conf.o(i.USBD_LL_StallEP)
    USBD_LL_Start                            0x08002397   Thumb Code    18  usbd_conf.o(i.USBD_LL_Start)
    USBD_LL_Suspend                          0x080023a9   Thumb Code    18  usbd_core.o(i.USBD_LL_Suspend)
    USBD_LL_Transmit                         0x080023bb   Thumb Code    18  usbd_conf.o(i.USBD_LL_Transmit)
    USBD_ParseSetupRequest                   0x080023cd   Thumb Code    40  usbd_ctlreq.o(i.USBD_ParseSetupRequest)
    USBD_RegisterClass                       0x080023f5   Thumb Code    16  usbd_core.o(i.USBD_RegisterClass)
    USBD_SetClassConfig                      0x08002405   Thumb Code    22  usbd_core.o(i.USBD_SetClassConfig)
    USBD_Start                               0x080024a1   Thumb Code    10  usbd_core.o(i.USBD_Start)
    USBD_StdDevReq                           0x080024ab   Thumb Code   274  usbd_ctlreq.o(i.USBD_StdDevReq)
    USBD_StdEPReq                            0x080025bd   Thumb Code   336  usbd_ctlreq.o(i.USBD_StdEPReq)
    USBD_StdItfReq                           0x0800270d   Thumb Code    78  usbd_ctlreq.o(i.USBD_StdItfReq)
    USBD_static_free                         0x0800275b   Thumb Code     2  usbd_conf.o(i.USBD_static_free)
    USBD_static_malloc                       0x0800275d   Thumb Code     4  usbd_conf.o(i.USBD_static_malloc)
    USB_ActivateEndpoint                     0x08002765   Thumb Code   600  stm32f1xx_ll_usb.o(i.USB_ActivateEndpoint)
    USB_CoreInit                             0x080029bd   Thumb Code     4  stm32f1xx_ll_usb.o(i.USB_CoreInit)
    USB_DeactivateEndpoint                   0x080029c1   Thumb Code   270  stm32f1xx_ll_usb.o(i.USB_DeactivateEndpoint)
    USB_DevConnect                           0x08002acf   Thumb Code     4  stm32f1xx_ll_usb.o(i.USB_DevConnect)
    USB_DevDisconnect                        0x08002ad3   Thumb Code     4  stm32f1xx_ll_usb.o(i.USB_DevDisconnect)
    USB_DevInit                              0x08002ad7   Thumb Code    18  stm32f1xx_ll_usb.o(i.USB_DevInit)
    USB_DisableGlobalInt                     0x08002ae9   Thumb Code    14  stm32f1xx_ll_usb.o(i.USB_DisableGlobalInt)
    USB_EP0_OutStart                         0x08002af7   Thumb Code     4  stm32f1xx_ll_usb.o(i.USB_EP0_OutStart)
    USB_EPClearStall                         0x08002afb   Thumb Code   120  stm32f1xx_ll_usb.o(i.USB_EPClearStall)
    USB_EPSetStall                           0x08002b73   Thumb Code    50  stm32f1xx_ll_usb.o(i.USB_EPSetStall)
    USB_EPStartXfer                          0x08002ba5   Thumb Code  1548  stm32f1xx_ll_usb.o(i.USB_EPStartXfer)
    USB_EnableGlobalInt                      0x080031b1   Thumb Code    18  stm32f1xx_ll_usb.o(i.USB_EnableGlobalInt)
    USB_LP_CAN1_RX0_IRQHandler               0x080031c5   Thumb Code     6  stm32f1xx_it.o(i.USB_LP_CAN1_RX0_IRQHandler)
    USB_ReadInterrupts                       0x080031d1   Thumb Code     6  stm32f1xx_ll_usb.o(i.USB_ReadInterrupts)
    USB_ReadPMA                              0x080031d9   Thumb Code    44  stm32f1xx_ll_usb.o(i.USB_ReadPMA)
    USB_SetCurrentMode                       0x08003205   Thumb Code     4  stm32f1xx_ll_usb.o(i.USB_SetCurrentMode)
    USB_SetDevAddress                        0x08003209   Thumb Code    12  stm32f1xx_ll_usb.o(i.USB_SetDevAddress)
    USB_WritePMA                             0x08003215   Thumb Code    38  stm32f1xx_ll_usb.o(i.USB_WritePMA)
    UsageFault_Handler                       0x0800323b   Thumb Code     2  stm32f1xx_it.o(i.UsageFault_Handler)
    __scatterload_copy                       0x0800325d   Thumb Code    14  handlers.o(i.__scatterload_copy)
    __scatterload_null                       0x0800326b   Thumb Code     2  handlers.o(i.__scatterload_null)
    __scatterload_zeroinit                   0x0800326d   Thumb Code    14  handlers.o(i.__scatterload_zeroinit)
    main                                     0x0800327b   Thumb Code    26  main.o(i.main)
    AHBPrescTable                            0x08003294   Data          16  system_stm32f1xx.o(.constdata)
    APBPrescTable                            0x080032a4   Data           8  system_stm32f1xx.o(.constdata)
    Region$$Table$$Base                      0x080032ac   Number         0  anon$$obj.o(Region$$Table)
    Region$$Table$$Limit                     0x080032cc   Number         0  anon$$obj.o(Region$$Table)
    keybuf                                   0x20000000   Data           8  gpio.o(.data)
    txbuffer                                 0x20000008   Data           8  gpio.o(.data)
    KeyBoard_Value                           0x20000010   Data         200  gpio.o(.data)
    FS_Desc                                  0x200000d8   Data          28  usbd_desc.o(.data)
    USBD_LangIDDesc                          0x200000f4   Data           4  usbd_desc.o(.data)
    USBD_FS_DeviceDesc                       0x200000f8   Data          18  usbd_desc.o(.data)
    USBD_StringSerial                        0x2000010c   Data          26  usbd_desc.o(.data)
    uwTickFreq                               0x20000128   Data           1  stm32f1xx_hal.o(.data)
    uwTickPrio                               0x2000012c   Data           4  stm32f1xx_hal.o(.data)
    uwTick                                   0x20000130   Data           4  stm32f1xx_hal.o(.data)
    SystemCoreClock                          0x20000134   Data           4  system_stm32f1xx.o(.data)
    USBD_HID                                 0x2000013c   Data          56  usbd_hid.o(.data)
    huart1                                   0x20000238   Data          68  usart.o(.bss)
    hUsbDeviceFS                             0x2000027c   Data         708  usb_device.o(.bss)
    hpcd_USB_FS                              0x20000554   Data         748  usbd_conf.o(.bss)
    USBD_StrDesc                             0x20000840   Data         512  usbd_desc.o(.bss)
    __initial_sp                             0x20000e40   Data           0  startup_stm32f103xb.o(STACK)



==============================================================================

Memory Map of the image

  Image Entry point : 0x080000ed

  Load Region LR_IROM1 (Base: 0x08000000, Size: 0x00003504, Max: 0x00010000, ABSOLUTE, COMPRESSED[0x000033ec])

    Execution Region ER_IROM1 (Exec base: 0x08000000, Load base: 0x08000000, Size: 0x000032cc, Max: 0x00010000, ABSOLUTE)

    Exec Addr    Load Addr    Size         Type   Attr      Idx    E Section Name        Object

    0x08000000   0x08000000   0x000000ec   Data   RO            3    RESET               startup_stm32f103xb.o
    0x080000ec   0x080000ec   0x00000000   Code   RO         2944  * .ARM.Collect$$$$00000000  mc_w.l(entry.o)
    0x080000ec   0x080000ec   0x00000004   Code   RO         2955    .ARM.Collect$$$$00000001  mc_w.l(entry2.o)
    0x080000f0   0x080000f0   0x00000004   Code   RO         2958    .ARM.Collect$$$$00000004  mc_w.l(entry5.o)
    0x080000f4   0x080000f4   0x00000000   Code   RO         2960    .ARM.Collect$$$$00000008  mc_w.l(entry7b.o)
    0x080000f4   0x080000f4   0x00000000   Code   RO         2962    .ARM.Collect$$$$0000000A  mc_w.l(entry8b.o)
    0x080000f4   0x080000f4   0x00000008   Code   RO         2963    .ARM.Collect$$$$0000000B  mc_w.l(entry9a.o)
    0x080000fc   0x080000fc   0x00000000   Code   RO         2965    .ARM.Collect$$$$0000000D  mc_w.l(entry10a.o)
    0x080000fc   0x080000fc   0x00000000   Code   RO         2967    .ARM.Collect$$$$0000000F  mc_w.l(entry11a.o)
    0x080000fc   0x080000fc   0x00000004   Code   RO         2956    .ARM.Collect$$$$00002712  mc_w.l(entry2.o)
    0x08000100   0x08000100   0x00000024   Code   RO            4    .text               startup_stm32f103xb.o
    0x08000124   0x08000124   0x00000024   Code   RO         2949    .text               mc_w.l(memcpya.o)
    0x08000148   0x08000148   0x00000024   Code   RO         2951    .text               mc_w.l(memseta.o)
    0x0800016c   0x0800016c   0x00000024   Code   RO         2969    .text               mc_w.l(init.o)
    0x08000190   0x08000190   0x00000056   Code   RO         2979    .text               mc_w.l(__dczerorl2.o)
    0x080001e6   0x080001e6   0x00000002   Code   RO          606    i.BusFault_Handler  stm32f1xx_it.o
    0x080001e8   0x080001e8   0x00000002   Code   RO          607    i.DebugMon_Handler  stm32f1xx_it.o
    0x080001ea   0x080001ea   0x00000002   Code   RO           13    i.Error_Handler     main.o
    0x080001ec   0x080001ec   0x00000024   Code   RO         1601    i.HAL_Delay         stm32f1xx_hal.o
    0x08000210   0x08000210   0x000001e0   Code   RO         1909    i.HAL_GPIO_Init     stm32f1xx_hal_gpio.o
    0x080003f0   0x080003f0   0x0000000a   Code   RO         1913    i.HAL_GPIO_WritePin  stm32f1xx_hal_gpio.o
    0x080003fa   0x080003fa   0x00000002   PAD
    0x080003fc   0x080003fc   0x0000000c   Code   RO         1605    i.HAL_GetTick       stm32f1xx_hal.o
    0x08000408   0x08000408   0x00000010   Code   RO         1611    i.HAL_IncTick       stm32f1xx_hal.o
    0x08000418   0x08000418   0x00000024   Code   RO         1612    i.HAL_Init          stm32f1xx_hal.o
    0x0800043c   0x0800043c   0x00000040   Code   RO         1613    i.HAL_InitTick      stm32f1xx_hal.o
    0x0800047c   0x0800047c   0x0000003c   Code   RO          688    i.HAL_MspInit       stm32f1xx_hal_msp.o
    0x080004b8   0x080004b8   0x0000001a   Code   RO         2069    i.HAL_NVIC_EnableIRQ  stm32f1xx_hal_cortex.o
    0x080004d2   0x080004d2   0x00000002   PAD
    0x080004d4   0x080004d4   0x00000040   Code   RO         2075    i.HAL_NVIC_SetPriority  stm32f1xx_hal_cortex.o
    0x08000514   0x08000514   0x00000024   Code   RO         2076    i.HAL_NVIC_SetPriorityGrouping  stm32f1xx_hal_cortex.o
    0x08000538   0x08000538   0x0000003c   Code   RO          981    i.HAL_PCDEx_PMAConfig  stm32f1xx_hal_pcd_ex.o
    0x08000574   0x08000574   0x00000002   Code   RO          308    i.HAL_PCDEx_SetConnectionState  usbd_conf.o
    0x08000576   0x08000576   0x00000012   Code   RO          310    i.HAL_PCD_DataInStageCallback  usbd_conf.o
    0x08000588   0x08000588   0x00000014   Code   RO          311    i.HAL_PCD_DataOutStageCallback  usbd_conf.o
    0x0800059c   0x0800059c   0x0000004c   Code   RO          757    i.HAL_PCD_EP_Close  stm32f1xx_hal_pcd.o
    0x080005e8   0x080005e8   0x0000005c   Code   RO          758    i.HAL_PCD_EP_ClrStall  stm32f1xx_hal_pcd.o
    0x08000644   0x08000644   0x000000e6   Code   RO          759    i.HAL_PCD_EP_DB_Receive  stm32f1xx_hal_pcd.o
    0x0800072a   0x0800072a   0x00000330   Code   RO          760    i.HAL_PCD_EP_DB_Transmit  stm32f1xx_hal_pcd.o
    0x08000a5a   0x08000a5a   0x00000060   Code   RO          763    i.HAL_PCD_EP_Open   stm32f1xx_hal_pcd.o
    0x08000aba   0x08000aba   0x00000032   Code   RO          764    i.HAL_PCD_EP_Receive  stm32f1xx_hal_pcd.o
    0x08000aec   0x08000aec   0x00000072   Code   RO          765    i.HAL_PCD_EP_SetStall  stm32f1xx_hal_pcd.o
    0x08000b5e   0x08000b5e   0x00000034   Code   RO          766    i.HAL_PCD_EP_Transmit  stm32f1xx_hal_pcd.o
    0x08000b92   0x08000b92   0x00000154   Code   RO          768    i.HAL_PCD_IRQHandler  stm32f1xx_hal_pcd.o
    0x08000ce6   0x08000ce6   0x00000002   PAD
    0x08000ce8   0x08000ce8   0x000000da   Code   RO          771    i.HAL_PCD_Init      stm32f1xx_hal_pcd.o
    0x08000dc2   0x08000dc2   0x00000002   PAD
    0x08000dc4   0x08000dc4   0x0000003c   Code   RO          316    i.HAL_PCD_MspInit   usbd_conf.o
    0x08000e00   0x08000e00   0x00000026   Code   RO          317    i.HAL_PCD_ResetCallback  usbd_conf.o
    0x08000e26   0x08000e26   0x00000008   Code   RO          318    i.HAL_PCD_ResumeCallback  usbd_conf.o
    0x08000e2e   0x08000e2e   0x00000008   Code   RO          319    i.HAL_PCD_SOFCallback  usbd_conf.o
    0x08000e36   0x08000e36   0x00000028   Code   RO          777    i.HAL_PCD_SetAddress  stm32f1xx_hal_pcd.o
    0x08000e5e   0x08000e5e   0x0000000e   Code   RO          320    i.HAL_PCD_SetupStageCallback  usbd_conf.o
    0x08000e6c   0x08000e6c   0x00000032   Code   RO          779    i.HAL_PCD_Start     stm32f1xx_hal_pcd.o
    0x08000e9e   0x08000e9e   0x00000002   PAD
    0x08000ea0   0x08000ea0   0x00000024   Code   RO          321    i.HAL_PCD_SuspendCallback  usbd_conf.o
    0x08000ec4   0x08000ec4   0x000000ec   Code   RO         1872    i.HAL_RCCEx_PeriphCLKConfig  stm32f1xx_hal_rcc_ex.o
    0x08000fb0   0x08000fb0   0x0000012c   Code   RO         1769    i.HAL_RCC_ClockConfig  stm32f1xx_hal_rcc.o
    0x080010dc   0x080010dc   0x00000020   Code   RO         1776    i.HAL_RCC_GetPCLK1Freq  stm32f1xx_hal_rcc.o
    0x080010fc   0x080010fc   0x00000020   Code   RO         1777    i.HAL_RCC_GetPCLK2Freq  stm32f1xx_hal_rcc.o
    0x0800111c   0x0800111c   0x0000006c   Code   RO         1778    i.HAL_RCC_GetSysClockFreq  stm32f1xx_hal_rcc.o
    0x08001188   0x08001188   0x00000320   Code   RO         1781    i.HAL_RCC_OscConfig  stm32f1xx_hal_rcc.o
    0x080014a8   0x080014a8   0x00000028   Code   RO         2080    i.HAL_SYSTICK_Config  stm32f1xx_hal_cortex.o
    0x080014d0   0x080014d0   0x00000062   Code   RO         1266    i.HAL_UART_Init     stm32f1xx_hal_uart.o
    0x08001532   0x08001532   0x00000002   PAD
    0x08001534   0x08001534   0x00000070   Code   RO          230    i.HAL_UART_MspInit  usart.o
    0x080015a4   0x080015a4   0x00000002   Code   RO          608    i.HardFault_Handler  stm32f1xx_it.o
    0x080015a6   0x080015a6   0x00000002   PAD
    0x080015a8   0x080015a8   0x00000038   Code   RO          520    i.IntToUnicode      usbd_desc.o
    0x080015e0   0x080015e0   0x000000a0   Code   RO          179    i.KeyBoard_Scan     gpio.o
    0x08001680   0x08001680   0x0000002c   Code   RO          180    i.Key_GetValue      gpio.o
    0x080016ac   0x080016ac   0x0000001c   Code   RO          181    i.Key_Release       gpio.o
    0x080016c8   0x080016c8   0x00000014   Code   RO          182    i.Key_RelseaseAll   gpio.o
    0x080016dc   0x080016dc   0x0000008c   Code   RO          183    i.MX_GPIO_Init      gpio.o
    0x08001768   0x08001768   0x00000038   Code   RO          231    i.MX_USART1_UART_Init  usart.o
    0x080017a0   0x080017a0   0x00000040   Code   RO          277    i.MX_USB_DEVICE_Init  usb_device.o
    0x080017e0   0x080017e0   0x00000002   Code   RO          609    i.MemManage_Handler  stm32f1xx_it.o
    0x080017e2   0x080017e2   0x00000002   Code   RO          610    i.NMI_Handler       stm32f1xx_it.o
    0x080017e4   0x080017e4   0x00000314   Code   RO          783    i.PCD_EP_ISR_Handler  stm32f1xx_hal_pcd.o
    0x08001af8   0x08001af8   0x00000002   Code   RO          611    i.PendSV_Handler    stm32f1xx_it.o
    0x08001afa   0x08001afa   0x00000002   Code   RO          612    i.SVC_Handler       stm32f1xx_it.o
    0x08001afc   0x08001afc   0x00000004   Code   RO          613    i.SysTick_Handler   stm32f1xx_it.o
    0x08001b00   0x08001b00   0x00000060   Code   RO           14    i.SystemClock_Config  main.o
    0x08001b60   0x08001b60   0x00000002   Code   RO         2570    i.SystemInit        system_stm32f1xx.o
    0x08001b62   0x08001b62   0x00000002   PAD
    0x08001b64   0x08001b64   0x000000b8   Code   RO         1292    i.UART_SetConfig    stm32f1xx_hal_uart.o
    0x08001c1c   0x08001c1c   0x0000000e   Code   RO         2607    i.USBD_ClrClassConfig  usbd_core.o
    0x08001c2a   0x08001c2a   0x00000010   Code   RO         2810    i.USBD_CtlContinueRx  usbd_ioreq.o
    0x08001c3a   0x08001c3a   0x00000010   Code   RO         2811    i.USBD_CtlContinueSendData  usbd_ioreq.o
    0x08001c4a   0x08001c4a   0x00000016   Code   RO         2745    i.USBD_CtlError     usbd_ctlreq.o
    0x08001c60   0x08001c60   0x00000016   Code   RO         2813    i.USBD_CtlReceiveStatus  usbd_ioreq.o
    0x08001c76   0x08001c76   0x0000001a   Code   RO         2814    i.USBD_CtlSendData  usbd_ioreq.o
    0x08001c90   0x08001c90   0x00000016   Code   RO         2815    i.USBD_CtlSendStatus  usbd_ioreq.o
    0x08001ca6   0x08001ca6   0x00000002   PAD
    0x08001ca8   0x08001ca8   0x00000020   Code   RO          521    i.USBD_FS_ConfigStrDescriptor  usbd_desc.o
    0x08001cc8   0x08001cc8   0x0000000c   Code   RO          522    i.USBD_FS_DeviceDescriptor  usbd_desc.o
    0x08001cd4   0x08001cd4   0x00000024   Code   RO          523    i.USBD_FS_InterfaceStrDescriptor  usbd_desc.o
    0x08001cf8   0x08001cf8   0x0000000c   Code   RO          524    i.USBD_FS_LangIDStrDescriptor  usbd_desc.o
    0x08001d04   0x08001d04   0x00000028   Code   RO          525    i.USBD_FS_ManufacturerStrDescriptor  usbd_desc.o
    0x08001d2c   0x08001d2c   0x0000002c   Code   RO          526    i.USBD_FS_ProductStrDescriptor  usbd_desc.o
    0x08001d58   0x08001d58   0x00000038   Code   RO          527    i.USBD_FS_SerialStrDescriptor  usbd_desc.o
    0x08001d90   0x08001d90   0x000000e8   Code   RO         2746    i.USBD_GetDescriptor  usbd_ctlreq.o
    0x08001e78   0x08001e78   0x00000048   Code   RO         2747    i.USBD_GetString    usbd_ctlreq.o
    0x08001ec0   0x08001ec0   0x00000018   Code   RO          322    i.USBD_Get_USB_Status  usbd_conf.o
    0x08001ed8   0x08001ed8   0x0000000c   Code   RO         2870    i.USBD_HID_DataIn   usbd_hid.o
    0x08001ee4   0x08001ee4   0x00000020   Code   RO         2871    i.USBD_HID_DeInit   usbd_hid.o
    0x08001f04   0x08001f04   0x0000000c   Code   RO         2872    i.USBD_HID_GetDeviceQualifierDesc  usbd_hid.o
    0x08001f10   0x08001f10   0x0000000c   Code   RO         2873    i.USBD_HID_GetFSCfgDesc  usbd_hid.o
    0x08001f1c   0x08001f1c   0x0000000c   Code   RO         2874    i.USBD_HID_GetHSCfgDesc  usbd_hid.o
    0x08001f28   0x08001f28   0x0000000c   Code   RO         2875    i.USBD_HID_GetOtherSpeedCfgDesc  usbd_hid.o
    0x08001f34   0x08001f34   0x0000002a   Code   RO         2877    i.USBD_HID_Init     usbd_hid.o
    0x08001f5e   0x08001f5e   0x00000024   Code   RO         2878    i.USBD_HID_SendReport  usbd_hid.o
    0x08001f82   0x08001f82   0x00000002   PAD
    0x08001f84   0x08001f84   0x000000c8   Code   RO         2879    i.USBD_HID_Setup    usbd_hid.o
    0x0800204c   0x0800204c   0x0000002a   Code   RO         2609    i.USBD_Init         usbd_core.o
    0x08002076   0x08002076   0x00000012   Code   RO          323    i.USBD_LL_ClearStallEP  usbd_conf.o
    0x08002088   0x08002088   0x00000012   Code   RO          324    i.USBD_LL_CloseEP   usbd_conf.o
    0x0800209a   0x0800209a   0x000000c6   Code   RO         2610    i.USBD_LL_DataInStage  usbd_core.o
    0x08002160   0x08002160   0x00000082   Code   RO         2611    i.USBD_LL_DataOutStage  usbd_core.o
    0x080021e2   0x080021e2   0x00000002   PAD
    0x080021e4   0x080021e4   0x00000068   Code   RO          329    i.USBD_LL_Init      usbd_conf.o
    0x0800224c   0x0800224c   0x00000020   Code   RO          330    i.USBD_LL_IsStallEP  usbd_conf.o
    0x0800226c   0x0800226c   0x00000018   Code   RO          331    i.USBD_LL_OpenEP    usbd_conf.o
    0x08002284   0x08002284   0x00000012   Code   RO          332    i.USBD_LL_PrepareReceive  usbd_conf.o
    0x08002296   0x08002296   0x00000050   Code   RO         2616    i.USBD_LL_Reset     usbd_core.o
    0x080022e6   0x080022e6   0x00000014   Code   RO         2617    i.USBD_LL_Resume    usbd_core.o
    0x080022fa   0x080022fa   0x00000018   Code   RO         2618    i.USBD_LL_SOF       usbd_core.o
    0x08002312   0x08002312   0x00000006   Code   RO         2619    i.USBD_LL_SetSpeed  usbd_core.o
    0x08002318   0x08002318   0x00000012   Code   RO          333    i.USBD_LL_SetUSBAddress  usbd_conf.o
    0x0800232a   0x0800232a   0x0000005a   Code   RO         2620    i.USBD_LL_SetupStage  usbd_core.o
    0x08002384   0x08002384   0x00000012   Code   RO          334    i.USBD_LL_StallEP   usbd_conf.o
    0x08002396   0x08002396   0x00000012   Code   RO          335    i.USBD_LL_Start     usbd_conf.o
    0x080023a8   0x080023a8   0x00000012   Code   RO         2621    i.USBD_LL_Suspend   usbd_core.o
    0x080023ba   0x080023ba   0x00000012   Code   RO          337    i.USBD_LL_Transmit  usbd_conf.o
    0x080023cc   0x080023cc   0x00000028   Code   RO         2748    i.USBD_ParseSetupRequest  usbd_ctlreq.o
    0x080023f4   0x080023f4   0x00000010   Code   RO         2622    i.USBD_RegisterClass  usbd_core.o
    0x08002404   0x08002404   0x00000016   Code   RO         2624    i.USBD_SetClassConfig  usbd_core.o
    0x0800241a   0x0800241a   0x00000002   PAD
    0x0800241c   0x0800241c   0x00000084   Code   RO         2749    i.USBD_SetConfig    usbd_ctlreq.o
    0x080024a0   0x080024a0   0x0000000a   Code   RO         2625    i.USBD_Start        usbd_core.o
    0x080024aa   0x080024aa   0x00000112   Code   RO         2750    i.USBD_StdDevReq    usbd_ctlreq.o
    0x080025bc   0x080025bc   0x00000150   Code   RO         2751    i.USBD_StdEPReq     usbd_ctlreq.o
    0x0800270c   0x0800270c   0x0000004e   Code   RO         2752    i.USBD_StdItfReq    usbd_ctlreq.o
    0x0800275a   0x0800275a   0x00000002   Code   RO          338    i.USBD_static_free  usbd_conf.o
    0x0800275c   0x0800275c   0x00000008   Code   RO          339    i.USBD_static_malloc  usbd_conf.o
    0x08002764   0x08002764   0x00000258   Code   RO         1021    i.USB_ActivateEndpoint  stm32f1xx_ll_usb.o
    0x080029bc   0x080029bc   0x00000004   Code   RO         1024    i.USB_CoreInit      stm32f1xx_ll_usb.o
    0x080029c0   0x080029c0   0x0000010e   Code   RO         1026    i.USB_DeactivateEndpoint  stm32f1xx_ll_usb.o
    0x08002ace   0x08002ace   0x00000004   Code   RO         1027    i.USB_DevConnect    stm32f1xx_ll_usb.o
    0x08002ad2   0x08002ad2   0x00000004   Code   RO         1028    i.USB_DevDisconnect  stm32f1xx_ll_usb.o
    0x08002ad6   0x08002ad6   0x00000012   Code   RO         1029    i.USB_DevInit       stm32f1xx_ll_usb.o
    0x08002ae8   0x08002ae8   0x0000000e   Code   RO         1030    i.USB_DisableGlobalInt  stm32f1xx_ll_usb.o
    0x08002af6   0x08002af6   0x00000004   Code   RO         1031    i.USB_EP0_OutStart  stm32f1xx_ll_usb.o
    0x08002afa   0x08002afa   0x00000078   Code   RO         1032    i.USB_EPClearStall  stm32f1xx_ll_usb.o
    0x08002b72   0x08002b72   0x00000032   Code   RO         1033    i.USB_EPSetStall    stm32f1xx_ll_usb.o
    0x08002ba4   0x08002ba4   0x0000060c   Code   RO         1034    i.USB_EPStartXfer   stm32f1xx_ll_usb.o
    0x080031b0   0x080031b0   0x00000012   Code   RO         1035    i.USB_EnableGlobalInt  stm32f1xx_ll_usb.o
    0x080031c2   0x080031c2   0x00000002   PAD
    0x080031c4   0x080031c4   0x0000000c   Code   RO          614    i.USB_LP_CAN1_RX0_IRQHandler  stm32f1xx_it.o
    0x080031d0   0x080031d0   0x00000006   Code   RO         1042    i.USB_ReadInterrupts  stm32f1xx_ll_usb.o
    0x080031d6   0x080031d6   0x00000002   PAD
    0x080031d8   0x080031d8   0x0000002c   Code   RO         1043    i.USB_ReadPMA       stm32f1xx_ll_usb.o
    0x08003204   0x08003204   0x00000004   Code   RO         1044    i.USB_SetCurrentMode  stm32f1xx_ll_usb.o
    0x08003208   0x08003208   0x0000000c   Code   RO         1045    i.USB_SetDevAddress  stm32f1xx_ll_usb.o
    0x08003214   0x08003214   0x00000026   Code   RO         1047    i.USB_WritePMA      stm32f1xx_ll_usb.o
    0x0800323a   0x0800323a   0x00000002   Code   RO          615    i.UsageFault_Handler  stm32f1xx_it.o
    0x0800323c   0x0800323c   0x00000020   Code   RO         2082    i.__NVIC_SetPriority  stm32f1xx_hal_cortex.o
    0x0800325c   0x0800325c   0x0000000e   Code   RO         2973    i.__scatterload_copy  mc_w.l(handlers.o)
    0x0800326a   0x0800326a   0x00000002   Code   RO         2974    i.__scatterload_null  mc_w.l(handlers.o)
    0x0800326c   0x0800326c   0x0000000e   Code   RO         2975    i.__scatterload_zeroinit  mc_w.l(handlers.o)
    0x0800327a   0x0800327a   0x0000001a   Code   RO           15    i.main              main.o
    0x08003294   0x08003294   0x00000010   Data   RO         2571    .constdata          system_stm32f1xx.o
    0x080032a4   0x080032a4   0x00000008   Data   RO         2572    .constdata          system_stm32f1xx.o
    0x080032ac   0x080032ac   0x00000020   Data   RO         2971    Region$$Table       anon$$obj.o


    Execution Region RW_IRAM1 (Exec base: 0x20000000, Load base: 0x080032cc, Size: 0x00000e40, Max: 0x00005000, ABSOLUTE, COMPRESSED[0x00000120])

    Exec Addr    Load Addr    Size         Type   Attr      Idx    E Section Name        Object

    0x20000000   COMPRESSED   0x000000d8   Data   RW          184    .data               gpio.o
    0x200000d8   COMPRESSED   0x0000001c   Data   RW          529    .data               usbd_desc.o
    0x200000f4   COMPRESSED   0x00000032   Data   RW          530    .data               usbd_desc.o
    0x20000126   COMPRESSED   0x00000002   PAD
    0x20000128   COMPRESSED   0x0000000c   Data   RW         1619    .data               stm32f1xx_hal.o
    0x20000134   COMPRESSED   0x00000004   Data   RW         2573    .data               system_stm32f1xx.o
    0x20000138   COMPRESSED   0x00000001   Data   RW         2753    .data               usbd_ctlreq.o
    0x20000139   COMPRESSED   0x00000003   PAD
    0x2000013c   COMPRESSED   0x00000038   Data   RW         2880    .data               usbd_hid.o
    0x20000174   COMPRESSED   0x000000c3   Data   RW         2881    .data               usbd_hid.o
    0x20000237   COMPRESSED   0x00000001   PAD
    0x20000238        -       0x00000044   Zero   RW          233    .bss                usart.o
    0x2000027c        -       0x000002c4   Zero   RW          278    .bss                usb_device.o
    0x20000540        -       0x00000300   Zero   RW          340    .bss                usbd_conf.o
    0x20000840        -       0x00000200   Zero   RW          528    .bss                usbd_desc.o
    0x20000a40        -       0x00000400   Zero   RW            1    STACK               startup_stm32f103xb.o


==============================================================================

Image component sizes


      Code (inc. data)   RO Data    RW Data    ZI Data      Debug   Object Name

       392         44          0        216          0       3854   gpio.o
       124          0          0          0          0     412492   main.o
        36          8        236          0       1024        804   startup_stm32f103xb.o
       164         28          0         12          0       5901   stm32f1xx_hal.o
       198         14          0          0          0      28951   stm32f1xx_hal_cortex.o
       490         34          0          0          0       2892   stm32f1xx_hal_gpio.o
        60          8          0          0          0        846   stm32f1xx_hal_msp.o
      2962          0          0          0          0      13293   stm32f1xx_hal_pcd.o
        60          0          0          0          0       1174   stm32f1xx_hal_pcd_ex.o
      1272        100          0          0          0       5196   stm32f1xx_hal_rcc.o
       236         12          0          0          0       1388   stm32f1xx_hal_rcc_ex.o
       282          6          0          0          0       1876   stm32f1xx_hal_uart.o
        32          6          0          0          0       4239   stm32f1xx_it.o
      2758          0          0          0          0      16587   stm32f1xx_ll_usb.o
         2          0         24          4          0       1099   system_stm32f1xx.o
       168         20          0          0         68       1698   usart.o
        64         12          0          0        708        748   usb_device.o
       524         30          0          0        768      12937   usbd_conf.o
       670          0          0          0          0       9475   usbd_core.o
      1186         28          0          1          0       7924   usbd_ctlreq.o
       288        104          0         78        512       5665   usbd_desc.o
       370         20          0        251          0       7813   usbd_hid.o
       102          0          0          0          0       3660   usbd_ioreq.o

    ----------------------------------------------------------------------
     12468        474        292        568       3080     550512   Object Totals
         0          0         32          0          0          0   (incl. Generated)
        28          0          0          6          0          0   (incl. Padding)

    ----------------------------------------------------------------------

      Code (inc. data)   RO Data    RW Data    ZI Data      Debug   Library Member Name

        86          0          0          0          0          0   __dczerorl2.o
         0          0          0          0          0          0   entry.o
         0          0          0          0          0          0   entry10a.o
         0          0          0          0          0          0   entry11a.o
         8          4          0          0          0          0   entry2.o
         4          0          0          0          0          0   entry5.o
         0          0          0          0          0          0   entry7b.o
         0          0          0          0          0          0   entry8b.o
         8          4          0          0          0          0   entry9a.o
        30          0          0          0          0          0   handlers.o
        36          8          0          0          0         68   init.o
        36          0          0          0          0         68   memcpya.o
        36          0          0          0          0        108   memseta.o

    ----------------------------------------------------------------------
       244         16          0          0          0        244   Library Totals
         0          0          0          0          0          0   (incl. Padding)

    ----------------------------------------------------------------------

      Code (inc. data)   RO Data    RW Data    ZI Data      Debug   Library Name

       244         16          0          0          0        244   mc_w.l

    ----------------------------------------------------------------------
       244         16          0          0          0        244   Library Totals

    ----------------------------------------------------------------------

==============================================================================


      Code (inc. data)   RO Data    RW Data    ZI Data      Debug   

     12712        490        292        568       3080     544020   Grand Totals
     12712        490        292        288       3080     544020   ELF Image Totals (compressed)
     12712        490        292        288          0          0   ROM Totals

==============================================================================

    Total RO  Size (Code + RO Data)                13004 (  12.70kB)
    Total RW  Size (RW Data + ZI Data)              3648 (   3.56kB)
    Total ROM Size (Code + RO Data + RW Data)      13292 (  12.98kB)

==============================================================================

